------------------------------------------------------------
Timing Analyzer Summary
------------------------------------------------------------

Type  : Slow 1200mV 85C Model Setup 'virt_ad9866_rxclk_tx'
Slack : -1.596
TNS   : -1.596

Type  : Slow 1200mV 85C Model Setup 'clock_153p6_mhz'
Slack : -0.758
TNS   : -6.260

Type  : Slow 1200mV 85C Model Setup 'clock_76p8MHz'
Slack : 1.593
TNS   : 0.000

Type  : Slow 1200mV 85C Model Hold 'clock_76p8MHz'
Slack : 0.404
TNS   : 0.000

Type  : Slow 1200mV 85C Model Hold 'clock_153p6_mhz'
Slack : 0.427
TNS   : 0.000

Type  : Slow 1200mV 85C Model Hold 'virt_ad9866_rxclk_tx'
Slack : 2.513
TNS   : 0.000

Type  : Slow 1200mV 85C Model Minimum Pulse Width 'clock_153p6_mhz'
Slack : 1.510
TNS   : 0.000

Type  : Slow 1200mV 85C Model Minimum Pulse Width 'clock_76p8MHz'
Slack : 6.001
TNS   : 0.000

Type  : Slow 1200mV 85C Model Minimum Pulse Width 'rffe_ad9866_clk76p8'
Slack : 6.367
TNS   : 0.000

Type  : Slow 1200mV 0C Model Setup 'virt_ad9866_rxclk_tx'
Slack : -0.792
TNS   : -0.792

Type  : Slow 1200mV 0C Model Setup 'clock_153p6_mhz'
Slack : -0.120
TNS   : -0.201

Type  : Slow 1200mV 0C Model Setup 'clock_76p8MHz'
Slack : 2.256
TNS   : 0.000

Type  : Slow 1200mV 0C Model Hold 'clock_76p8MHz'
Slack : 0.385
TNS   : 0.000

Type  : Slow 1200mV 0C Model Hold 'clock_153p6_mhz'
Slack : 0.402
TNS   : 0.000

Type  : Slow 1200mV 0C Model Hold 'virt_ad9866_rxclk_tx'
Slack : 2.170
TNS   : 0.000

Type  : Slow 1200mV 0C Model Minimum Pulse Width 'clock_153p6_mhz'
Slack : 1.510
TNS   : 0.000

Type  : Slow 1200mV 0C Model Minimum Pulse Width 'clock_76p8MHz'
Slack : 6.036
TNS   : 0.000

Type  : Slow 1200mV 0C Model Minimum Pulse Width 'rffe_ad9866_clk76p8'
Slack : 6.365
TNS   : 0.000

Type  : Fast 1200mV 0C Model Setup 'clock_153p6_mhz'
Slack : 0.711
TNS   : 0.000

Type  : Fast 1200mV 0C Model Setup 'virt_ad9866_rxclk_tx'
Slack : 1.217
TNS   : 0.000

Type  : Fast 1200mV 0C Model Setup 'clock_76p8MHz'
Slack : 7.977
TNS   : 0.000

Type  : Fast 1200mV 0C Model Hold 'clock_76p8MHz'
Slack : 0.141
TNS   : 0.000

Type  : Fast 1200mV 0C Model Hold 'clock_153p6_mhz'
Slack : 0.146
TNS   : 0.000

Type  : Fast 1200mV 0C Model Hold 'virt_ad9866_rxclk_tx'
Slack : 0.501
TNS   : 0.000

Type  : Fast 1200mV 0C Model Minimum Pulse Width 'clock_153p6_mhz'
Slack : 2.977
TNS   : 0.000

Type  : Fast 1200mV 0C Model Minimum Pulse Width 'rffe_ad9866_clk76p8'
Slack : 5.927
TNS   : 0.000

Type  : Fast 1200mV 0C Model Minimum Pulse Width 'clock_76p8MHz'
Slack : 6.233
TNS   : 0.000

------------------------------------------------------------
