------------------------------------------------------------
TimeQuest Timing Analyzer Summary
------------------------------------------------------------

Type  : Slow 1200mV 85C Model Setup 'ad9866pll_inst|altpll_component|auto_generated|pll1|clk[1]'
Slack : 0.008
TNS   : 0.000

Type  : Slow 1200mV 85C Model Setup 'virt_ad9866_rxclk_tx'
Slack : 0.051
TNS   : 0.000

Type  : Slow 1200mV 85C Model Setup 'ad9866pll_inst|altpll_component|auto_generated|pll1|clk[2]'
Slack : 0.601
TNS   : 0.000

Type  : Slow 1200mV 85C Model Setup 'spi_sck'
Slack : 0.735
TNS   : 0.000

Type  : Slow 1200mV 85C Model Setup 'spi_slave:spi_slave_rx_inst|done'
Slack : 1.067
TNS   : 0.000

Type  : Slow 1200mV 85C Model Setup 'ad9866:ad9866_inst|dut1_pc[0]'
Slack : 1.209
TNS   : 0.000

Type  : Slow 1200mV 85C Model Setup 'spi_slave:spi_slave_rx2_inst|done'
Slack : 1.669
TNS   : 0.000

Type  : Slow 1200mV 85C Model Setup 'ad9866pll_inst|altpll_component|auto_generated|pll1|clk[0]'
Slack : 2.639
TNS   : 0.000

Type  : Slow 1200mV 85C Model Setup 'pi_clk'
Slack : 101.764
TNS   : 0.000

Type  : Slow 1200mV 85C Model Setup 'pi_clk2'
Slack : 101.793
TNS   : 0.000

Type  : Slow 1200mV 85C Model Setup 'spi_ce1'
Slack : 2494.382
TNS   : 0.000

Type  : Slow 1200mV 85C Model Setup 'ddr_mux:ddr_mux_inst1|rd_req'
Slack : 4996.357
TNS   : 0.000

Type  : Slow 1200mV 85C Model Setup 'ddr_mux:ddr_mux_inst2|rd_req'
Slack : 4996.357
TNS   : 0.000

Type  : Slow 1200mV 85C Model Hold 'spi_ce1'
Slack : 0.281
TNS   : 0.000

Type  : Slow 1200mV 85C Model Hold 'ad9866pll_inst|altpll_component|auto_generated|pll1|clk[0]'
Slack : 0.330
TNS   : 0.000

Type  : Slow 1200mV 85C Model Hold 'spi_slave:spi_slave_rx_inst|done'
Slack : 0.435
TNS   : 0.000

Type  : Slow 1200mV 85C Model Hold 'spi_sck'
Slack : 0.452
TNS   : 0.000

Type  : Slow 1200mV 85C Model Hold 'ad9866pll_inst|altpll_component|auto_generated|pll1|clk[1]'
Slack : 0.453
TNS   : 0.000

Type  : Slow 1200mV 85C Model Hold 'ddr_mux:ddr_mux_inst1|rd_req'
Slack : 0.453
TNS   : 0.000

Type  : Slow 1200mV 85C Model Hold 'ddr_mux:ddr_mux_inst2|rd_req'
Slack : 0.453
TNS   : 0.000

Type  : Slow 1200mV 85C Model Hold 'pi_clk'
Slack : 0.467
TNS   : 0.000

Type  : Slow 1200mV 85C Model Hold 'pi_clk2'
Slack : 0.490
TNS   : 0.000

Type  : Slow 1200mV 85C Model Hold 'ad9866:ad9866_inst|dut1_pc[0]'
Slack : 0.680
TNS   : 0.000

Type  : Slow 1200mV 85C Model Hold 'ad9866pll_inst|altpll_component|auto_generated|pll1|clk[2]'
Slack : 0.748
TNS   : 0.000

Type  : Slow 1200mV 85C Model Hold 'spi_slave:spi_slave_rx2_inst|done'
Slack : 0.969
TNS   : 0.000

Type  : Slow 1200mV 85C Model Hold 'virt_ad9866_rxclk_tx'
Slack : 3.074
TNS   : 0.000

Type  : Slow 1200mV 85C Model Minimum Pulse Width 'ad9866pll_inst|altpll_component|auto_generated|pll1|clk[2]'
Slack : 1.178
TNS   : 0.000

Type  : Slow 1200mV 85C Model Minimum Pulse Width 'ad9866pll_inst|altpll_component|auto_generated|pll1|clk[1]'
Slack : 1.510
TNS   : 0.000

Type  : Slow 1200mV 85C Model Minimum Pulse Width 'ad9866:ad9866_inst|dut1_pc[0]'
Slack : 4.439
TNS   : 0.000

Type  : Slow 1200mV 85C Model Minimum Pulse Width 'ad9866pll_inst|altpll_component|auto_generated|pll1|clk[0]'
Slack : 5.535
TNS   : 0.000

Type  : Slow 1200mV 85C Model Minimum Pulse Width 'clk_76m8'
Slack : 6.059
TNS   : 0.000

Type  : Slow 1200mV 85C Model Minimum Pulse Width 'spi_sck'
Slack : 31.529
TNS   : 0.000

Type  : Slow 1200mV 85C Model Minimum Pulse Width 'ad9866pll_inst|altpll_component|auto_generated|pll1|clk[3]'
Slack : 49.233
TNS   : 0.000

Type  : Slow 1200mV 85C Model Minimum Pulse Width 'pi_clk'
Slack : 102.388
TNS   : 0.000

Type  : Slow 1200mV 85C Model Minimum Pulse Width 'pi_clk2'
Slack : 102.549
TNS   : 0.000

Type  : Slow 1200mV 85C Model Minimum Pulse Width 'spi_ce0'
Slack : 1248.993
TNS   : 0.000

Type  : Slow 1200mV 85C Model Minimum Pulse Width 'spi_ce1'
Slack : 1249.056
TNS   : 0.000

Type  : Slow 1200mV 85C Model Minimum Pulse Width 'spi_slave:spi_slave_rx_inst|done'
Slack : 1249.471
TNS   : 0.000

Type  : Slow 1200mV 85C Model Minimum Pulse Width 'spi_slave:spi_slave_rx2_inst|done'
Slack : 1249.518
TNS   : 0.000

Type  : Slow 1200mV 85C Model Minimum Pulse Width 'ddr_mux:ddr_mux_inst1|rd_req'
Slack : 2499.565
TNS   : 0.000

Type  : Slow 1200mV 85C Model Minimum Pulse Width 'ddr_mux:ddr_mux_inst2|rd_req'
Slack : 2499.575
TNS   : 0.000

Type  : Slow 1200mV 0C Model Setup 'ad9866pll_inst|altpll_component|auto_generated|pll1|clk[1]'
Slack : 0.216
TNS   : 0.000

Type  : Slow 1200mV 0C Model Setup 'virt_ad9866_rxclk_tx'
Slack : 0.384
TNS   : 0.000

Type  : Slow 1200mV 0C Model Setup 'spi_sck'
Slack : 0.903
TNS   : 0.000

Type  : Slow 1200mV 0C Model Setup 'ad9866pll_inst|altpll_component|auto_generated|pll1|clk[2]'
Slack : 0.915
TNS   : 0.000

Type  : Slow 1200mV 0C Model Setup 'spi_slave:spi_slave_rx_inst|done'
Slack : 1.040
TNS   : 0.000

Type  : Slow 1200mV 0C Model Setup 'ad9866:ad9866_inst|dut1_pc[0]'
Slack : 1.263
TNS   : 0.000

Type  : Slow 1200mV 0C Model Setup 'spi_slave:spi_slave_rx2_inst|done'
Slack : 1.649
TNS   : 0.000

Type  : Slow 1200mV 0C Model Setup 'ad9866pll_inst|altpll_component|auto_generated|pll1|clk[0]'
Slack : 3.462
TNS   : 0.000

Type  : Slow 1200mV 0C Model Setup 'pi_clk'
Slack : 101.987
TNS   : 0.000

Type  : Slow 1200mV 0C Model Setup 'pi_clk2'
Slack : 102.145
TNS   : 0.000

Type  : Slow 1200mV 0C Model Setup 'spi_ce1'
Slack : 2494.741
TNS   : 0.000

Type  : Slow 1200mV 0C Model Setup 'ddr_mux:ddr_mux_inst1|rd_req'
Slack : 4996.697
TNS   : 0.000

Type  : Slow 1200mV 0C Model Setup 'ddr_mux:ddr_mux_inst2|rd_req'
Slack : 4996.697
TNS   : 0.000

Type  : Slow 1200mV 0C Model Hold 'spi_ce1'
Slack : 0.271
TNS   : 0.000

Type  : Slow 1200mV 0C Model Hold 'ad9866pll_inst|altpll_component|auto_generated|pll1|clk[0]'
Slack : 0.318
TNS   : 0.000

Type  : Slow 1200mV 0C Model Hold 'spi_slave:spi_slave_rx_inst|done'
Slack : 0.385
TNS   : 0.000

Type  : Slow 1200mV 0C Model Hold 'ad9866pll_inst|altpll_component|auto_generated|pll1|clk[1]'
Slack : 0.401
TNS   : 0.000

Type  : Slow 1200mV 0C Model Hold 'ddr_mux:ddr_mux_inst1|rd_req'
Slack : 0.402
TNS   : 0.000

Type  : Slow 1200mV 0C Model Hold 'ddr_mux:ddr_mux_inst2|rd_req'
Slack : 0.402
TNS   : 0.000

Type  : Slow 1200mV 0C Model Hold 'spi_sck'
Slack : 0.414
TNS   : 0.000

Type  : Slow 1200mV 0C Model Hold 'pi_clk'
Slack : 0.421
TNS   : 0.000

Type  : Slow 1200mV 0C Model Hold 'pi_clk2'
Slack : 0.443
TNS   : 0.000

Type  : Slow 1200mV 0C Model Hold 'ad9866:ad9866_inst|dut1_pc[0]'
Slack : 0.618
TNS   : 0.000

Type  : Slow 1200mV 0C Model Hold 'ad9866pll_inst|altpll_component|auto_generated|pll1|clk[2]'
Slack : 0.696
TNS   : 0.000

Type  : Slow 1200mV 0C Model Hold 'spi_slave:spi_slave_rx2_inst|done'
Slack : 0.916
TNS   : 0.000

Type  : Slow 1200mV 0C Model Hold 'virt_ad9866_rxclk_tx'
Slack : 2.824
TNS   : 0.000

Type  : Slow 1200mV 0C Model Minimum Pulse Width 'ad9866pll_inst|altpll_component|auto_generated|pll1|clk[2]'
Slack : 1.224
TNS   : 0.000

Type  : Slow 1200mV 0C Model Minimum Pulse Width 'ad9866pll_inst|altpll_component|auto_generated|pll1|clk[1]'
Slack : 1.510
TNS   : 0.000

Type  : Slow 1200mV 0C Model Minimum Pulse Width 'ad9866:ad9866_inst|dut1_pc[0]'
Slack : 4.307
TNS   : 0.000

Type  : Slow 1200mV 0C Model Minimum Pulse Width 'ad9866pll_inst|altpll_component|auto_generated|pll1|clk[0]'
Slack : 5.621
TNS   : 0.000

Type  : Slow 1200mV 0C Model Minimum Pulse Width 'clk_76m8'
Slack : 6.095
TNS   : 0.000

Type  : Slow 1200mV 0C Model Minimum Pulse Width 'spi_sck'
Slack : 31.398
TNS   : 0.000

Type  : Slow 1200mV 0C Model Minimum Pulse Width 'ad9866pll_inst|altpll_component|auto_generated|pll1|clk[3]'
Slack : 49.301
TNS   : 0.000

Type  : Slow 1200mV 0C Model Minimum Pulse Width 'pi_clk2'
Slack : 102.100
TNS   : 0.000

Type  : Slow 1200mV 0C Model Minimum Pulse Width 'pi_clk'
Slack : 102.191
TNS   : 0.000

Type  : Slow 1200mV 0C Model Minimum Pulse Width 'spi_ce0'
Slack : 1249.189
TNS   : 0.000

Type  : Slow 1200mV 0C Model Minimum Pulse Width 'spi_ce1'
Slack : 1249.202
TNS   : 0.000

Type  : Slow 1200mV 0C Model Minimum Pulse Width 'spi_slave:spi_slave_rx_inst|done'
Slack : 1249.359
TNS   : 0.000

Type  : Slow 1200mV 0C Model Minimum Pulse Width 'spi_slave:spi_slave_rx2_inst|done'
Slack : 1249.452
TNS   : 0.000

Type  : Slow 1200mV 0C Model Minimum Pulse Width 'ddr_mux:ddr_mux_inst1|rd_req'
Slack : 2499.538
TNS   : 0.000

Type  : Slow 1200mV 0C Model Minimum Pulse Width 'ddr_mux:ddr_mux_inst2|rd_req'
Slack : 2499.554
TNS   : 0.000

Type  : Fast 1200mV 0C Model Setup 'ad9866pll_inst|altpll_component|auto_generated|pll1|clk[1]'
Slack : 0.218
TNS   : 0.000

Type  : Fast 1200mV 0C Model Setup 'virt_ad9866_rxclk_tx'
Slack : 2.012
TNS   : 0.000

Type  : Fast 1200mV 0C Model Setup 'ad9866pll_inst|altpll_component|auto_generated|pll1|clk[2]'
Slack : 2.591
TNS   : 0.000

Type  : Fast 1200mV 0C Model Setup 'spi_slave:spi_slave_rx_inst|done'
Slack : 2.687
TNS   : 0.000

Type  : Fast 1200mV 0C Model Setup 'spi_slave:spi_slave_rx2_inst|done'
Slack : 3.020
TNS   : 0.000

Type  : Fast 1200mV 0C Model Setup 'ad9866:ad9866_inst|dut1_pc[0]'
Slack : 3.148
TNS   : 0.000

Type  : Fast 1200mV 0C Model Setup 'spi_sck'
Slack : 4.987
TNS   : 0.000

Type  : Fast 1200mV 0C Model Setup 'ad9866pll_inst|altpll_component|auto_generated|pll1|clk[0]'
Slack : 5.438
TNS   : 0.000

Type  : Fast 1200mV 0C Model Setup 'pi_clk2'
Slack : 102.492
TNS   : 0.000

Type  : Fast 1200mV 0C Model Setup 'pi_clk'
Slack : 102.624
TNS   : 0.000

Type  : Fast 1200mV 0C Model Setup 'spi_ce1'
Slack : 2497.599
TNS   : 0.000

Type  : Fast 1200mV 0C Model Setup 'ddr_mux:ddr_mux_inst1|rd_req'
Slack : 4998.553
TNS   : 0.000

Type  : Fast 1200mV 0C Model Setup 'ddr_mux:ddr_mux_inst2|rd_req'
Slack : 4998.672
TNS   : 0.000

Type  : Fast 1200mV 0C Model Hold 'spi_ce1'
Slack : 0.085
TNS   : 0.000

Type  : Fast 1200mV 0C Model Hold 'ad9866pll_inst|altpll_component|auto_generated|pll1|clk[0]'
Slack : 0.101
TNS   : 0.000

Type  : Fast 1200mV 0C Model Hold 'spi_sck'
Slack : 0.176
TNS   : 0.000

Type  : Fast 1200mV 0C Model Hold 'spi_slave:spi_slave_rx_inst|done'
Slack : 0.179
TNS   : 0.000

Type  : Fast 1200mV 0C Model Hold 'ddr_mux:ddr_mux_inst2|rd_req'
Slack : 0.185
TNS   : 0.000

Type  : Fast 1200mV 0C Model Hold 'ad9866pll_inst|altpll_component|auto_generated|pll1|clk[1]'
Slack : 0.186
TNS   : 0.000

Type  : Fast 1200mV 0C Model Hold 'ddr_mux:ddr_mux_inst1|rd_req'
Slack : 0.188
TNS   : 0.000

Type  : Fast 1200mV 0C Model Hold 'pi_clk'
Slack : 0.192
TNS   : 0.000

Type  : Fast 1200mV 0C Model Hold 'pi_clk2'
Slack : 0.203
TNS   : 0.000

Type  : Fast 1200mV 0C Model Hold 'spi_slave:spi_slave_rx2_inst|done'
Slack : 0.214
TNS   : 0.000

Type  : Fast 1200mV 0C Model Hold 'ad9866pll_inst|altpll_component|auto_generated|pll1|clk[2]'
Slack : 0.297
TNS   : 0.000

Type  : Fast 1200mV 0C Model Hold 'ad9866:ad9866_inst|dut1_pc[0]'
Slack : 0.453
TNS   : 0.000

Type  : Fast 1200mV 0C Model Hold 'virt_ad9866_rxclk_tx'
Slack : 1.430
TNS   : 0.000

Type  : Fast 1200mV 0C Model Minimum Pulse Width 'ad9866pll_inst|altpll_component|auto_generated|pll1|clk[2]'
Slack : 1.568
TNS   : 0.000

Type  : Fast 1200mV 0C Model Minimum Pulse Width 'ad9866pll_inst|altpll_component|auto_generated|pll1|clk[1]'
Slack : 2.754
TNS   : 0.000

Type  : Fast 1200mV 0C Model Minimum Pulse Width 'ad9866:ad9866_inst|dut1_pc[0]'
Slack : 4.717
TNS   : 0.000

Type  : Fast 1200mV 0C Model Minimum Pulse Width 'clk_76m8'
Slack : 5.775
TNS   : 0.000

Type  : Fast 1200mV 0C Model Minimum Pulse Width 'ad9866pll_inst|altpll_component|auto_generated|pll1|clk[0]'
Slack : 6.008
TNS   : 0.000

Type  : Fast 1200mV 0C Model Minimum Pulse Width 'spi_sck'
Slack : 31.045
TNS   : 0.000

Type  : Fast 1200mV 0C Model Minimum Pulse Width 'ad9866pll_inst|altpll_component|auto_generated|pll1|clk[3]'
Slack : 49.581
TNS   : 0.000

Type  : Fast 1200mV 0C Model Minimum Pulse Width 'pi_clk2'
Slack : 102.381
TNS   : 0.000

Type  : Fast 1200mV 0C Model Minimum Pulse Width 'pi_clk'
Slack : 102.811
TNS   : 0.000

Type  : Fast 1200mV 0C Model Minimum Pulse Width 'spi_ce0'
Slack : 1248.927
TNS   : 0.000

Type  : Fast 1200mV 0C Model Minimum Pulse Width 'spi_ce1'
Slack : 1248.988
TNS   : 0.000

Type  : Fast 1200mV 0C Model Minimum Pulse Width 'spi_slave:spi_slave_rx_inst|done'
Slack : 1249.557
TNS   : 0.000

Type  : Fast 1200mV 0C Model Minimum Pulse Width 'spi_slave:spi_slave_rx2_inst|done'
Slack : 1249.626
TNS   : 0.000

Type  : Fast 1200mV 0C Model Minimum Pulse Width 'ddr_mux:ddr_mux_inst2|rd_req'
Slack : 2499.655
TNS   : 0.000

Type  : Fast 1200mV 0C Model Minimum Pulse Width 'ddr_mux:ddr_mux_inst1|rd_req'
Slack : 2499.656
TNS   : 0.000

------------------------------------------------------------
