------------------------------------------------------------
TimeQuest Timing Analyzer Summary
------------------------------------------------------------

Type  : Slow 1200mV 85C Model Setup 'spi_ce0'
Slack : 0.258
TNS   : 0.000

Type  : Slow 1200mV 85C Model Setup 'spi_sck'
Slack : 0.318
TNS   : 0.000

Type  : Slow 1200mV 85C Model Setup 'ad9866_clk'
Slack : 0.592
TNS   : 0.000

Type  : Slow 1200mV 85C Model Setup 'spi_slave:spi_slave_rx2_inst|done'
Slack : 0.927
TNS   : 0.000

Type  : Slow 1200mV 85C Model Setup 'spi_slave:spi_slave_rx_inst|done'
Slack : 1.147
TNS   : 0.000

Type  : Slow 1200mV 85C Model Setup 'ad9866:ad9866_inst|dut1_pc[0]'
Slack : 1.292
TNS   : 0.000

Type  : Slow 1200mV 85C Model Setup 'virt_ad9866_rxclk'
Slack : 2.296
TNS   : 0.000

Type  : Slow 1200mV 85C Model Setup 'clk_10mhz'
Slack : 93.410
TNS   : 0.000

Type  : Slow 1200mV 85C Model Setup 'spi_ce1'
Slack : 2496.317
TNS   : 0.000

Type  : Slow 1200mV 85C Model Setup 'PLL_IAMBIC_inst|altpll_component|auto_generated|pll1|clk[0]'
Slack : 2597.186
TNS   : 0.000

Type  : Slow 1200mV 85C Model Setup 'PLL_IAMBIC_inst|altpll_component|auto_generated|pll1|clk[1]'
Slack : 33325.871
TNS   : 0.000

Type  : Slow 1200mV 85C Model Hold 'ad9866_clk'
Slack : 0.303
TNS   : 0.000

Type  : Slow 1200mV 85C Model Hold 'spi_sck'
Slack : 0.425
TNS   : 0.000

Type  : Slow 1200mV 85C Model Hold 'spi_ce1'
Slack : 0.440
TNS   : 0.000

Type  : Slow 1200mV 85C Model Hold 'spi_ce0'
Slack : 0.443
TNS   : 0.000

Type  : Slow 1200mV 85C Model Hold 'clk_10mhz'
Slack : 0.453
TNS   : 0.000

Type  : Slow 1200mV 85C Model Hold 'PLL_IAMBIC_inst|altpll_component|auto_generated|pll1|clk[0]'
Slack : 0.454
TNS   : 0.000

Type  : Slow 1200mV 85C Model Hold 'PLL_IAMBIC_inst|altpll_component|auto_generated|pll1|clk[1]'
Slack : 0.454
TNS   : 0.000

Type  : Slow 1200mV 85C Model Hold 'spi_slave:spi_slave_rx_inst|done'
Slack : 0.928
TNS   : 0.000

Type  : Slow 1200mV 85C Model Hold 'spi_slave:spi_slave_rx2_inst|done'
Slack : 1.019
TNS   : 0.000

Type  : Slow 1200mV 85C Model Hold 'ad9866:ad9866_inst|dut1_pc[0]'
Slack : 1.598
TNS   : 0.000

Type  : Slow 1200mV 85C Model Hold 'virt_ad9866_rxclk'
Slack : 13.791
TNS   : 0.000

Type  : Slow 1200mV 85C Model Minimum Pulse Width 'ad9866_rxclk'
Slack : -2.666
TNS   : -2.666

Type  : Slow 1200mV 85C Model Minimum Pulse Width 'ad9866_txclk'
Slack : -2.666
TNS   : -2.666

Type  : Slow 1200mV 85C Model Minimum Pulse Width 'ad9866:ad9866_inst|dut1_pc[0]'
Slack : 4.615
TNS   : 0.000

Type  : Slow 1200mV 85C Model Minimum Pulse Width 'ad9866_clk'
Slack : 5.756
TNS   : 0.000

Type  : Slow 1200mV 85C Model Minimum Pulse Width 'spi_sck'
Slack : 31.579
TNS   : 0.000

Type  : Slow 1200mV 85C Model Minimum Pulse Width 'clk_10mhz'
Slack : 49.542
TNS   : 0.000

Type  : Slow 1200mV 85C Model Minimum Pulse Width 'spi_ce0'
Slack : 1249.103
TNS   : 0.000

Type  : Slow 1200mV 85C Model Minimum Pulse Width 'spi_ce1'
Slack : 1249.237
TNS   : 0.000

Type  : Slow 1200mV 85C Model Minimum Pulse Width 'spi_slave:spi_slave_rx2_inst|done'
Slack : 1249.289
TNS   : 0.000

Type  : Slow 1200mV 85C Model Minimum Pulse Width 'spi_slave:spi_slave_rx_inst|done'
Slack : 1249.369
TNS   : 0.000

Type  : Slow 1200mV 85C Model Minimum Pulse Width 'PLL_IAMBIC_inst|altpll_component|auto_generated|pll1|clk[0]'
Slack : 2603.356
TNS   : 0.000

Type  : Slow 1200mV 85C Model Minimum Pulse Width 'PLL_IAMBIC_inst|altpll_component|auto_generated|pll1|clk[1]'
Slack : 16665.853
TNS   : 0.000

Type  : Slow 1200mV 0C Model Setup 'spi_ce0'
Slack : 0.203
TNS   : 0.000

Type  : Slow 1200mV 0C Model Setup 'spi_sck'
Slack : 0.533
TNS   : 0.000

Type  : Slow 1200mV 0C Model Setup 'spi_slave:spi_slave_rx2_inst|done'
Slack : 0.938
TNS   : 0.000

Type  : Slow 1200mV 0C Model Setup 'ad9866_clk'
Slack : 1.151
TNS   : 0.000

Type  : Slow 1200mV 0C Model Setup 'spi_slave:spi_slave_rx_inst|done'
Slack : 1.160
TNS   : 0.000

Type  : Slow 1200mV 0C Model Setup 'ad9866:ad9866_inst|dut1_pc[0]'
Slack : 1.526
TNS   : 0.000

Type  : Slow 1200mV 0C Model Setup 'virt_ad9866_rxclk'
Slack : 3.529
TNS   : 0.000

Type  : Slow 1200mV 0C Model Setup 'clk_10mhz'
Slack : 93.833
TNS   : 0.000

Type  : Slow 1200mV 0C Model Setup 'spi_ce1'
Slack : 2496.666
TNS   : 0.000

Type  : Slow 1200mV 0C Model Setup 'PLL_IAMBIC_inst|altpll_component|auto_generated|pll1|clk[0]'
Slack : 2597.496
TNS   : 0.000

Type  : Slow 1200mV 0C Model Setup 'PLL_IAMBIC_inst|altpll_component|auto_generated|pll1|clk[1]'
Slack : 33326.166
TNS   : 0.000

Type  : Slow 1200mV 0C Model Hold 'ad9866_clk'
Slack : 0.232
TNS   : 0.000

Type  : Slow 1200mV 0C Model Hold 'spi_sck'
Slack : 0.368
TNS   : 0.000

Type  : Slow 1200mV 0C Model Hold 'PLL_IAMBIC_inst|altpll_component|auto_generated|pll1|clk[0]'
Slack : 0.402
TNS   : 0.000

Type  : Slow 1200mV 0C Model Hold 'PLL_IAMBIC_inst|altpll_component|auto_generated|pll1|clk[1]'
Slack : 0.402
TNS   : 0.000

Type  : Slow 1200mV 0C Model Hold 'clk_10mhz'
Slack : 0.402
TNS   : 0.000

Type  : Slow 1200mV 0C Model Hold 'spi_ce0'
Slack : 0.404
TNS   : 0.000

Type  : Slow 1200mV 0C Model Hold 'spi_ce1'
Slack : 0.417
TNS   : 0.000

Type  : Slow 1200mV 0C Model Hold 'spi_slave:spi_slave_rx_inst|done'
Slack : 0.906
TNS   : 0.000

Type  : Slow 1200mV 0C Model Hold 'spi_slave:spi_slave_rx2_inst|done'
Slack : 0.982
TNS   : 0.000

Type  : Slow 1200mV 0C Model Hold 'ad9866:ad9866_inst|dut1_pc[0]'
Slack : 1.626
TNS   : 0.000

Type  : Slow 1200mV 0C Model Hold 'virt_ad9866_rxclk'
Slack : 13.088
TNS   : 0.000

Type  : Slow 1200mV 0C Model Minimum Pulse Width 'ad9866_rxclk'
Slack : -2.666
TNS   : -2.666

Type  : Slow 1200mV 0C Model Minimum Pulse Width 'ad9866_txclk'
Slack : -2.666
TNS   : -2.666

Type  : Slow 1200mV 0C Model Minimum Pulse Width 'ad9866:ad9866_inst|dut1_pc[0]'
Slack : 4.547
TNS   : 0.000

Type  : Slow 1200mV 0C Model Minimum Pulse Width 'ad9866_clk'
Slack : 5.716
TNS   : 0.000

Type  : Slow 1200mV 0C Model Minimum Pulse Width 'spi_sck'
Slack : 31.499
TNS   : 0.000

Type  : Slow 1200mV 0C Model Minimum Pulse Width 'clk_10mhz'
Slack : 49.437
TNS   : 0.000

Type  : Slow 1200mV 0C Model Minimum Pulse Width 'spi_slave:spi_slave_rx_inst|done'
Slack : 1249.299
TNS   : 0.000

Type  : Slow 1200mV 0C Model Minimum Pulse Width 'spi_ce0'
Slack : 1249.318
TNS   : 0.000

Type  : Slow 1200mV 0C Model Minimum Pulse Width 'spi_ce1'
Slack : 1249.365
TNS   : 0.000

Type  : Slow 1200mV 0C Model Minimum Pulse Width 'spi_slave:spi_slave_rx2_inst|done'
Slack : 1249.413
TNS   : 0.000

Type  : Slow 1200mV 0C Model Minimum Pulse Width 'PLL_IAMBIC_inst|altpll_component|auto_generated|pll1|clk[0]'
Slack : 2603.423
TNS   : 0.000

Type  : Slow 1200mV 0C Model Minimum Pulse Width 'PLL_IAMBIC_inst|altpll_component|auto_generated|pll1|clk[1]'
Slack : 16665.920
TNS   : 0.000

Type  : Fast 1200mV 0C Model Setup 'spi_sck'
Slack : 0.495
TNS   : 0.000

Type  : Fast 1200mV 0C Model Setup 'ad9866_clk'
Slack : 1.346
TNS   : 0.000

Type  : Fast 1200mV 0C Model Setup 'spi_ce0'
Slack : 1.785
TNS   : 0.000

Type  : Fast 1200mV 0C Model Setup 'spi_slave:spi_slave_rx2_inst|done'
Slack : 2.719
TNS   : 0.000

Type  : Fast 1200mV 0C Model Setup 'spi_slave:spi_slave_rx_inst|done'
Slack : 2.773
TNS   : 0.000

Type  : Fast 1200mV 0C Model Setup 'ad9866:ad9866_inst|dut1_pc[0]'
Slack : 3.047
TNS   : 0.000

Type  : Fast 1200mV 0C Model Setup 'virt_ad9866_rxclk'
Slack : 6.626
TNS   : 0.000

Type  : Fast 1200mV 0C Model Setup 'clk_10mhz'
Slack : 97.060
TNS   : 0.000

Type  : Fast 1200mV 0C Model Setup 'spi_ce1'
Slack : 2498.602
TNS   : 0.000

Type  : Fast 1200mV 0C Model Setup 'PLL_IAMBIC_inst|altpll_component|auto_generated|pll1|clk[0]'
Slack : 2601.051
TNS   : 0.000

Type  : Fast 1200mV 0C Model Setup 'PLL_IAMBIC_inst|altpll_component|auto_generated|pll1|clk[1]'
Slack : 33330.064
TNS   : 0.000

Type  : Fast 1200mV 0C Model Hold 'ad9866_clk'
Slack : 0.115
TNS   : 0.000

Type  : Fast 1200mV 0C Model Hold 'spi_ce0'
Slack : 0.135
TNS   : 0.000

Type  : Fast 1200mV 0C Model Hold 'clk_10mhz'
Slack : 0.150
TNS   : 0.000

Type  : Fast 1200mV 0C Model Hold 'spi_ce1'
Slack : 0.159
TNS   : 0.000

Type  : Fast 1200mV 0C Model Hold 'PLL_IAMBIC_inst|altpll_component|auto_generated|pll1|clk[0]'
Slack : 0.165
TNS   : 0.000

Type  : Fast 1200mV 0C Model Hold 'spi_sck'
Slack : 0.169
TNS   : 0.000

Type  : Fast 1200mV 0C Model Hold 'PLL_IAMBIC_inst|altpll_component|auto_generated|pll1|clk[1]'
Slack : 0.186
TNS   : 0.000

Type  : Fast 1200mV 0C Model Hold 'spi_slave:spi_slave_rx_inst|done'
Slack : 0.261
TNS   : 0.000

Type  : Fast 1200mV 0C Model Hold 'spi_slave:spi_slave_rx2_inst|done'
Slack : 0.285
TNS   : 0.000

Type  : Fast 1200mV 0C Model Hold 'ad9866:ad9866_inst|dut1_pc[0]'
Slack : 0.645
TNS   : 0.000

Type  : Fast 1200mV 0C Model Hold 'virt_ad9866_rxclk'
Slack : 10.787
TNS   : 0.000

Type  : Fast 1200mV 0C Model Minimum Pulse Width 'ad9866_rxclk'
Slack : 2.563
TNS   : 0.000

Type  : Fast 1200mV 0C Model Minimum Pulse Width 'ad9866_txclk'
Slack : 2.563
TNS   : 0.000

Type  : Fast 1200mV 0C Model Minimum Pulse Width 'ad9866:ad9866_inst|dut1_pc[0]'
Slack : 4.836
TNS   : 0.000

Type  : Fast 1200mV 0C Model Minimum Pulse Width 'ad9866_clk'
Slack : 5.466
TNS   : 0.000

Type  : Fast 1200mV 0C Model Minimum Pulse Width 'spi_sck'
Slack : 31.010
TNS   : 0.000

Type  : Fast 1200mV 0C Model Minimum Pulse Width 'clk_10mhz'
Slack : 49.184
TNS   : 0.000

Type  : Fast 1200mV 0C Model Minimum Pulse Width 'spi_ce0'
Slack : 1248.973
TNS   : 0.000

Type  : Fast 1200mV 0C Model Minimum Pulse Width 'spi_ce1'
Slack : 1249.038
TNS   : 0.000

Type  : Fast 1200mV 0C Model Minimum Pulse Width 'spi_slave:spi_slave_rx2_inst|done'
Slack : 1249.583
TNS   : 0.000

Type  : Fast 1200mV 0C Model Minimum Pulse Width 'spi_slave:spi_slave_rx_inst|done'
Slack : 1249.604
TNS   : 0.000

Type  : Fast 1200mV 0C Model Minimum Pulse Width 'PLL_IAMBIC_inst|altpll_component|auto_generated|pll1|clk[0]'
Slack : 2603.669
TNS   : 0.000

Type  : Fast 1200mV 0C Model Minimum Pulse Width 'PLL_IAMBIC_inst|altpll_component|auto_generated|pll1|clk[1]'
Slack : 16666.202
TNS   : 0.000

------------------------------------------------------------
