------------------------------------------------------------
TimeQuest Timing Analyzer Summary
------------------------------------------------------------

Type  : Slow 1200mV 85C Model Setup 'spi_sck'
Slack : 0.176
TNS   : 0.000

Type  : Slow 1200mV 85C Model Setup 'spi_slave:spi_slave_rx_inst|done'
Slack : 1.085
TNS   : 0.000

Type  : Slow 1200mV 85C Model Setup 'spi_slave:spi_slave_rx2_inst|done'
Slack : 1.363
TNS   : 0.000

Type  : Slow 1200mV 85C Model Setup 'ad9866:ad9866_inst|dut1_pc[0]'
Slack : 1.659
TNS   : 0.000

Type  : Slow 1200mV 85C Model Setup 'ad9866_clk'
Slack : 2.328
TNS   : 0.000

Type  : Slow 1200mV 85C Model Setup 'virt_ad9866_txclk'
Slack : 6.512
TNS   : 0.000

Type  : Slow 1200mV 85C Model Setup 'clk_10mhz'
Slack : 91.786
TNS   : 0.000

Type  : Slow 1200mV 85C Model Setup 'spi_ce0'
Slack : 2495.553
TNS   : 0.000

Type  : Slow 1200mV 85C Model Setup 'PLL_IAMBIC_inst|altpll_component|auto_generated|pll1|clk[0]'
Slack : 2599.353
TNS   : 0.000

Type  : Slow 1200mV 85C Model Setup 'PLL_IAMBIC_inst|altpll_component|auto_generated|pll1|clk[1]'
Slack : 33325.926
TNS   : 0.000

Type  : Slow 1200mV 85C Model Hold 'spi_ce0'
Slack : 0.389
TNS   : 0.000

Type  : Slow 1200mV 85C Model Hold 'ad9866_clk'
Slack : 0.414
TNS   : 0.000

Type  : Slow 1200mV 85C Model Hold 'PLL_IAMBIC_inst|altpll_component|auto_generated|pll1|clk[0]'
Slack : 0.454
TNS   : 0.000

Type  : Slow 1200mV 85C Model Hold 'PLL_IAMBIC_inst|altpll_component|auto_generated|pll1|clk[1]'
Slack : 0.454
TNS   : 0.000

Type  : Slow 1200mV 85C Model Hold 'clk_10mhz'
Slack : 0.454
TNS   : 0.000

Type  : Slow 1200mV 85C Model Hold 'spi_slave:spi_slave_rx_inst|done'
Slack : 0.454
TNS   : 0.000

Type  : Slow 1200mV 85C Model Hold 'spi_sck'
Slack : 0.483
TNS   : 0.000

Type  : Slow 1200mV 85C Model Hold 'ad9866:ad9866_inst|dut1_pc[0]'
Slack : 0.507
TNS   : 0.000

Type  : Slow 1200mV 85C Model Hold 'spi_slave:spi_slave_rx2_inst|done'
Slack : 1.000
TNS   : 0.000

Type  : Slow 1200mV 85C Model Hold 'virt_ad9866_txclk'
Slack : 11.820
TNS   : 0.000

Type  : Slow 1200mV 85C Model Recovery 'spi_sck'
Slack : 0.132
TNS   : 0.000

Type  : Slow 1200mV 85C Model Recovery 'clk_10mhz'
Slack : 95.514
TNS   : 0.000

Type  : Slow 1200mV 85C Model Removal 'spi_sck'
Slack : 2.119
TNS   : 0.000

Type  : Slow 1200mV 85C Model Removal 'clk_10mhz'
Slack : 3.075
TNS   : 0.000

Type  : Slow 1200mV 85C Model Minimum Pulse Width 'ad9866_rxclk'
Slack : -2.666
TNS   : -2.666

Type  : Slow 1200mV 85C Model Minimum Pulse Width 'ad9866_txclk'
Slack : -2.666
TNS   : -2.666

Type  : Slow 1200mV 85C Model Minimum Pulse Width 'ad9866:ad9866_inst|dut1_pc[0]'
Slack : 4.535
TNS   : 0.000

Type  : Slow 1200mV 85C Model Minimum Pulse Width 'ad9866_clk'
Slack : 5.722
TNS   : 0.000

Type  : Slow 1200mV 85C Model Minimum Pulse Width 'spi_sck'
Slack : 31.539
TNS   : 0.000

Type  : Slow 1200mV 85C Model Minimum Pulse Width 'clk_10mhz'
Slack : 49.549
TNS   : 0.000

Type  : Slow 1200mV 85C Model Minimum Pulse Width 'spi_slave:spi_slave_rx2_inst|done'
Slack : 1249.319
TNS   : 0.000

Type  : Slow 1200mV 85C Model Minimum Pulse Width 'spi_slave:spi_slave_rx_inst|done'
Slack : 1249.387
TNS   : 0.000

Type  : Slow 1200mV 85C Model Minimum Pulse Width 'spi_ce0'
Slack : 1249.508
TNS   : 0.000

Type  : Slow 1200mV 85C Model Minimum Pulse Width 'spi_ce1'
Slack : 1249.531
TNS   : 0.000

Type  : Slow 1200mV 85C Model Minimum Pulse Width 'PLL_IAMBIC_inst|altpll_component|auto_generated|pll1|clk[0]'
Slack : 2603.353
TNS   : 0.000

Type  : Slow 1200mV 85C Model Minimum Pulse Width 'PLL_IAMBIC_inst|altpll_component|auto_generated|pll1|clk[1]'
Slack : 16665.852
TNS   : 0.000

Type  : Slow 1200mV 0C Model Setup 'spi_sck'
Slack : 0.497
TNS   : 0.000

Type  : Slow 1200mV 0C Model Setup 'spi_slave:spi_slave_rx_inst|done'
Slack : 1.088
TNS   : 0.000

Type  : Slow 1200mV 0C Model Setup 'spi_slave:spi_slave_rx2_inst|done'
Slack : 1.347
TNS   : 0.000

Type  : Slow 1200mV 0C Model Setup 'ad9866:ad9866_inst|dut1_pc[0]'
Slack : 1.660
TNS   : 0.000

Type  : Slow 1200mV 0C Model Setup 'ad9866_clk'
Slack : 3.062
TNS   : 0.000

Type  : Slow 1200mV 0C Model Setup 'virt_ad9866_txclk'
Slack : 7.737
TNS   : 0.000

Type  : Slow 1200mV 0C Model Setup 'clk_10mhz'
Slack : 92.099
TNS   : 0.000

Type  : Slow 1200mV 0C Model Setup 'spi_ce0'
Slack : 2495.840
TNS   : 0.000

Type  : Slow 1200mV 0C Model Setup 'PLL_IAMBIC_inst|altpll_component|auto_generated|pll1|clk[0]'
Slack : 2599.580
TNS   : 0.000

Type  : Slow 1200mV 0C Model Setup 'PLL_IAMBIC_inst|altpll_component|auto_generated|pll1|clk[1]'
Slack : 33326.268
TNS   : 0.000

Type  : Slow 1200mV 0C Model Hold 'spi_ce0'
Slack : 0.367
TNS   : 0.000

Type  : Slow 1200mV 0C Model Hold 'ad9866_clk'
Slack : 0.383
TNS   : 0.000

Type  : Slow 1200mV 0C Model Hold 'clk_10mhz'
Slack : 0.402
TNS   : 0.000

Type  : Slow 1200mV 0C Model Hold 'PLL_IAMBIC_inst|altpll_component|auto_generated|pll1|clk[0]'
Slack : 0.403
TNS   : 0.000

Type  : Slow 1200mV 0C Model Hold 'PLL_IAMBIC_inst|altpll_component|auto_generated|pll1|clk[1]'
Slack : 0.403
TNS   : 0.000

Type  : Slow 1200mV 0C Model Hold 'spi_slave:spi_slave_rx_inst|done'
Slack : 0.403
TNS   : 0.000

Type  : Slow 1200mV 0C Model Hold 'spi_sck'
Slack : 0.437
TNS   : 0.000

Type  : Slow 1200mV 0C Model Hold 'ad9866:ad9866_inst|dut1_pc[0]'
Slack : 0.460
TNS   : 0.000

Type  : Slow 1200mV 0C Model Hold 'spi_slave:spi_slave_rx2_inst|done'
Slack : 1.041
TNS   : 0.000

Type  : Slow 1200mV 0C Model Hold 'virt_ad9866_txclk'
Slack : 11.139
TNS   : 0.000

Type  : Slow 1200mV 0C Model Recovery 'spi_sck'
Slack : 0.614
TNS   : 0.000

Type  : Slow 1200mV 0C Model Recovery 'clk_10mhz'
Slack : 95.862
TNS   : 0.000

Type  : Slow 1200mV 0C Model Removal 'spi_sck'
Slack : 1.783
TNS   : 0.000

Type  : Slow 1200mV 0C Model Removal 'clk_10mhz'
Slack : 2.725
TNS   : 0.000

Type  : Slow 1200mV 0C Model Minimum Pulse Width 'ad9866_rxclk'
Slack : -2.666
TNS   : -2.666

Type  : Slow 1200mV 0C Model Minimum Pulse Width 'ad9866_txclk'
Slack : -2.666
TNS   : -2.666

Type  : Slow 1200mV 0C Model Minimum Pulse Width 'ad9866:ad9866_inst|dut1_pc[0]'
Slack : 4.409
TNS   : 0.000

Type  : Slow 1200mV 0C Model Minimum Pulse Width 'ad9866_clk'
Slack : 5.699
TNS   : 0.000

Type  : Slow 1200mV 0C Model Minimum Pulse Width 'spi_sck'
Slack : 31.439
TNS   : 0.000

Type  : Slow 1200mV 0C Model Minimum Pulse Width 'clk_10mhz'
Slack : 49.470
TNS   : 0.000

Type  : Slow 1200mV 0C Model Minimum Pulse Width 'spi_slave:spi_slave_rx2_inst|done'
Slack : 1249.376
TNS   : 0.000

Type  : Slow 1200mV 0C Model Minimum Pulse Width 'spi_slave:spi_slave_rx_inst|done'
Slack : 1249.446
TNS   : 0.000

Type  : Slow 1200mV 0C Model Minimum Pulse Width 'spi_ce0'
Slack : 1249.450
TNS   : 0.000

Type  : Slow 1200mV 0C Model Minimum Pulse Width 'spi_ce1'
Slack : 1249.457
TNS   : 0.000

Type  : Slow 1200mV 0C Model Minimum Pulse Width 'PLL_IAMBIC_inst|altpll_component|auto_generated|pll1|clk[0]'
Slack : 2603.421
TNS   : 0.000

Type  : Slow 1200mV 0C Model Minimum Pulse Width 'PLL_IAMBIC_inst|altpll_component|auto_generated|pll1|clk[1]'
Slack : 16665.921
TNS   : 0.000

Type  : Fast 1200mV 0C Model Setup 'spi_sck'
Slack : 0.461
TNS   : 0.000

Type  : Fast 1200mV 0C Model Setup 'ad9866_clk'
Slack : 2.783
TNS   : 0.000

Type  : Fast 1200mV 0C Model Setup 'spi_slave:spi_slave_rx_inst|done'
Slack : 2.800
TNS   : 0.000

Type  : Fast 1200mV 0C Model Setup 'spi_slave:spi_slave_rx2_inst|done'
Slack : 2.939
TNS   : 0.000

Type  : Fast 1200mV 0C Model Setup 'ad9866:ad9866_inst|dut1_pc[0]'
Slack : 3.413
TNS   : 0.000

Type  : Fast 1200mV 0C Model Setup 'virt_ad9866_txclk'
Slack : 10.515
TNS   : 0.000

Type  : Fast 1200mV 0C Model Setup 'clk_10mhz'
Slack : 96.259
TNS   : 0.000

Type  : Fast 1200mV 0C Model Setup 'spi_ce0'
Slack : 2498.133
TNS   : 0.000

Type  : Fast 1200mV 0C Model Setup 'PLL_IAMBIC_inst|altpll_component|auto_generated|pll1|clk[0]'
Slack : 2602.091
TNS   : 0.000

Type  : Fast 1200mV 0C Model Setup 'PLL_IAMBIC_inst|altpll_component|auto_generated|pll1|clk[1]'
Slack : 33330.057
TNS   : 0.000

Type  : Fast 1200mV 0C Model Hold 'spi_ce0'
Slack : 0.138
TNS   : 0.000

Type  : Fast 1200mV 0C Model Hold 'ad9866_clk'
Slack : 0.164
TNS   : 0.000

Type  : Fast 1200mV 0C Model Hold 'PLL_IAMBIC_inst|altpll_component|auto_generated|pll1|clk[0]'
Slack : 0.180
TNS   : 0.000

Type  : Fast 1200mV 0C Model Hold 'PLL_IAMBIC_inst|altpll_component|auto_generated|pll1|clk[1]'
Slack : 0.186
TNS   : 0.000

Type  : Fast 1200mV 0C Model Hold 'clk_10mhz'
Slack : 0.186
TNS   : 0.000

Type  : Fast 1200mV 0C Model Hold 'spi_slave:spi_slave_rx_inst|done'
Slack : 0.187
TNS   : 0.000

Type  : Fast 1200mV 0C Model Hold 'spi_sck'
Slack : 0.190
TNS   : 0.000

Type  : Fast 1200mV 0C Model Hold 'spi_slave:spi_slave_rx2_inst|done'
Slack : 0.210
TNS   : 0.000

Type  : Fast 1200mV 0C Model Hold 'ad9866:ad9866_inst|dut1_pc[0]'
Slack : 0.350
TNS   : 0.000

Type  : Fast 1200mV 0C Model Hold 'virt_ad9866_txclk'
Slack : 8.939
TNS   : 0.000

Type  : Fast 1200mV 0C Model Recovery 'spi_sck'
Slack : 2.181
TNS   : 0.000

Type  : Fast 1200mV 0C Model Recovery 'clk_10mhz'
Slack : 97.944
TNS   : 0.000

Type  : Fast 1200mV 0C Model Removal 'spi_sck'
Slack : 0.358
TNS   : 0.000

Type  : Fast 1200mV 0C Model Removal 'clk_10mhz'
Slack : 1.329
TNS   : 0.000

Type  : Fast 1200mV 0C Model Minimum Pulse Width 'ad9866_rxclk'
Slack : 2.563
TNS   : 0.000

Type  : Fast 1200mV 0C Model Minimum Pulse Width 'ad9866_txclk'
Slack : 2.563
TNS   : 0.000

Type  : Fast 1200mV 0C Model Minimum Pulse Width 'ad9866:ad9866_inst|dut1_pc[0]'
Slack : 4.776
TNS   : 0.000

Type  : Fast 1200mV 0C Model Minimum Pulse Width 'ad9866_clk'
Slack : 5.467
TNS   : 0.000

Type  : Fast 1200mV 0C Model Minimum Pulse Width 'spi_sck'
Slack : 30.984
TNS   : 0.000

Type  : Fast 1200mV 0C Model Minimum Pulse Width 'clk_10mhz'
Slack : 49.223
TNS   : 0.000

Type  : Fast 1200mV 0C Model Minimum Pulse Width 'spi_ce0'
Slack : 1249.025
TNS   : 0.000

Type  : Fast 1200mV 0C Model Minimum Pulse Width 'spi_ce1'
Slack : 1249.240
TNS   : 0.000

Type  : Fast 1200mV 0C Model Minimum Pulse Width 'spi_slave:spi_slave_rx2_inst|done'
Slack : 1249.631
TNS   : 0.000

Type  : Fast 1200mV 0C Model Minimum Pulse Width 'spi_slave:spi_slave_rx_inst|done'
Slack : 1249.656
TNS   : 0.000

Type  : Fast 1200mV 0C Model Minimum Pulse Width 'PLL_IAMBIC_inst|altpll_component|auto_generated|pll1|clk[0]'
Slack : 2603.671
TNS   : 0.000

Type  : Fast 1200mV 0C Model Minimum Pulse Width 'PLL_IAMBIC_inst|altpll_component|auto_generated|pll1|clk[1]'
Slack : 16666.202
TNS   : 0.000

------------------------------------------------------------
