------------------------------------------------------------
TimeQuest Timing Analyzer Summary
------------------------------------------------------------

Type  : Slow 1200mV 85C Model Setup 'spi_ce0'
Slack : 0.279
TNS   : 0.000

Type  : Slow 1200mV 85C Model Setup 'spi_sck'
Slack : 0.280
TNS   : 0.000

Type  : Slow 1200mV 85C Model Setup 'spi_slave:spi_slave_rx2_inst|done'
Slack : 0.469
TNS   : 0.000

Type  : Slow 1200mV 85C Model Setup 'ad9866_clk'
Slack : 0.707
TNS   : 0.000

Type  : Slow 1200mV 85C Model Setup 'virt_ad9866_rxclk'
Slack : 0.998
TNS   : 0.000

Type  : Slow 1200mV 85C Model Setup 'spi_slave:spi_slave_rx_inst|done'
Slack : 1.005
TNS   : 0.000

Type  : Slow 1200mV 85C Model Setup 'ad9866:ad9866_inst|dut1_pc[0]'
Slack : 1.763
TNS   : 0.000

Type  : Slow 1200mV 85C Model Setup 'clk_10mhz'
Slack : 90.872
TNS   : 0.000

Type  : Slow 1200mV 85C Model Setup 'spi_ce1'
Slack : 2495.817
TNS   : 0.000

Type  : Slow 1200mV 85C Model Setup 'PLL_IAMBIC_inst|altpll_component|auto_generated|pll1|clk[0]'
Slack : 2599.636
TNS   : 0.000

Type  : Slow 1200mV 85C Model Setup 'PLL_IAMBIC_inst|altpll_component|auto_generated|pll1|clk[1]'
Slack : 33325.176
TNS   : 0.000

Type  : Slow 1200mV 85C Model Hold 'spi_ce0'
Slack : 0.402
TNS   : 0.000

Type  : Slow 1200mV 85C Model Hold 'ad9866_clk'
Slack : 0.407
TNS   : 0.000

Type  : Slow 1200mV 85C Model Hold 'spi_sck'
Slack : 0.420
TNS   : 0.000

Type  : Slow 1200mV 85C Model Hold 'PLL_IAMBIC_inst|altpll_component|auto_generated|pll1|clk[0]'
Slack : 0.454
TNS   : 0.000

Type  : Slow 1200mV 85C Model Hold 'PLL_IAMBIC_inst|altpll_component|auto_generated|pll1|clk[1]'
Slack : 0.454
TNS   : 0.000

Type  : Slow 1200mV 85C Model Hold 'clk_10mhz'
Slack : 0.454
TNS   : 0.000

Type  : Slow 1200mV 85C Model Hold 'spi_ce1'
Slack : 0.466
TNS   : 0.000

Type  : Slow 1200mV 85C Model Hold 'ad9866:ad9866_inst|dut1_pc[0]'
Slack : 0.791
TNS   : 0.000

Type  : Slow 1200mV 85C Model Hold 'spi_slave:spi_slave_rx_inst|done'
Slack : 0.815
TNS   : 0.000

Type  : Slow 1200mV 85C Model Hold 'spi_slave:spi_slave_rx2_inst|done'
Slack : 1.290
TNS   : 0.000

Type  : Slow 1200mV 85C Model Hold 'virt_ad9866_rxclk'
Slack : 14.423
TNS   : 0.000

Type  : Slow 1200mV 85C Model Minimum Pulse Width 'ad9866_rxclk'
Slack : -2.666
TNS   : -2.666

Type  : Slow 1200mV 85C Model Minimum Pulse Width 'ad9866_txclk'
Slack : -2.666
TNS   : -2.666

Type  : Slow 1200mV 85C Model Minimum Pulse Width 'ad9866:ad9866_inst|dut1_pc[0]'
Slack : 4.659
TNS   : 0.000

Type  : Slow 1200mV 85C Model Minimum Pulse Width 'ad9866_clk'
Slack : 5.772
TNS   : 0.000

Type  : Slow 1200mV 85C Model Minimum Pulse Width 'spi_sck'
Slack : 31.563
TNS   : 0.000

Type  : Slow 1200mV 85C Model Minimum Pulse Width 'clk_10mhz'
Slack : 49.533
TNS   : 0.000

Type  : Slow 1200mV 85C Model Minimum Pulse Width 'spi_ce0'
Slack : 1249.126
TNS   : 0.000

Type  : Slow 1200mV 85C Model Minimum Pulse Width 'spi_ce1'
Slack : 1249.133
TNS   : 0.000

Type  : Slow 1200mV 85C Model Minimum Pulse Width 'spi_slave:spi_slave_rx_inst|done'
Slack : 1249.309
TNS   : 0.000

Type  : Slow 1200mV 85C Model Minimum Pulse Width 'spi_slave:spi_slave_rx2_inst|done'
Slack : 1249.336
TNS   : 0.000

Type  : Slow 1200mV 85C Model Minimum Pulse Width 'PLL_IAMBIC_inst|altpll_component|auto_generated|pll1|clk[0]'
Slack : 2603.373
TNS   : 0.000

Type  : Slow 1200mV 85C Model Minimum Pulse Width 'PLL_IAMBIC_inst|altpll_component|auto_generated|pll1|clk[1]'
Slack : 16665.873
TNS   : 0.000

Type  : Slow 1200mV 0C Model Setup 'spi_ce0'
Slack : 0.203
TNS   : 0.000

Type  : Slow 1200mV 0C Model Setup 'spi_slave:spi_slave_rx2_inst|done'
Slack : 0.502
TNS   : 0.000

Type  : Slow 1200mV 0C Model Setup 'spi_sck'
Slack : 0.536
TNS   : 0.000

Type  : Slow 1200mV 0C Model Setup 'spi_slave:spi_slave_rx_inst|done'
Slack : 1.032
TNS   : 0.000

Type  : Slow 1200mV 0C Model Setup 'ad9866_clk'
Slack : 1.258
TNS   : 0.000

Type  : Slow 1200mV 0C Model Setup 'ad9866:ad9866_inst|dut1_pc[0]'
Slack : 1.839
TNS   : 0.000

Type  : Slow 1200mV 0C Model Setup 'virt_ad9866_rxclk'
Slack : 2.435
TNS   : 0.000

Type  : Slow 1200mV 0C Model Setup 'clk_10mhz'
Slack : 91.395
TNS   : 0.000

Type  : Slow 1200mV 0C Model Setup 'spi_ce1'
Slack : 2496.070
TNS   : 0.000

Type  : Slow 1200mV 0C Model Setup 'PLL_IAMBIC_inst|altpll_component|auto_generated|pll1|clk[0]'
Slack : 2599.855
TNS   : 0.000

Type  : Slow 1200mV 0C Model Setup 'PLL_IAMBIC_inst|altpll_component|auto_generated|pll1|clk[1]'
Slack : 33325.513
TNS   : 0.000

Type  : Slow 1200mV 0C Model Hold 'spi_ce0'
Slack : 0.367
TNS   : 0.000

Type  : Slow 1200mV 0C Model Hold 'spi_sck'
Slack : 0.368
TNS   : 0.000

Type  : Slow 1200mV 0C Model Hold 'ad9866_clk'
Slack : 0.375
TNS   : 0.000

Type  : Slow 1200mV 0C Model Hold 'PLL_IAMBIC_inst|altpll_component|auto_generated|pll1|clk[0]'
Slack : 0.402
TNS   : 0.000

Type  : Slow 1200mV 0C Model Hold 'PLL_IAMBIC_inst|altpll_component|auto_generated|pll1|clk[1]'
Slack : 0.402
TNS   : 0.000

Type  : Slow 1200mV 0C Model Hold 'clk_10mhz'
Slack : 0.403
TNS   : 0.000

Type  : Slow 1200mV 0C Model Hold 'spi_ce1'
Slack : 0.425
TNS   : 0.000

Type  : Slow 1200mV 0C Model Hold 'spi_slave:spi_slave_rx_inst|done'
Slack : 0.818
TNS   : 0.000

Type  : Slow 1200mV 0C Model Hold 'ad9866:ad9866_inst|dut1_pc[0]'
Slack : 0.824
TNS   : 0.000

Type  : Slow 1200mV 0C Model Hold 'spi_slave:spi_slave_rx2_inst|done'
Slack : 1.354
TNS   : 0.000

Type  : Slow 1200mV 0C Model Hold 'virt_ad9866_rxclk'
Slack : 13.656
TNS   : 0.000

Type  : Slow 1200mV 0C Model Minimum Pulse Width 'ad9866_rxclk'
Slack : -2.666
TNS   : -2.666

Type  : Slow 1200mV 0C Model Minimum Pulse Width 'ad9866_txclk'
Slack : -2.666
TNS   : -2.666

Type  : Slow 1200mV 0C Model Minimum Pulse Width 'ad9866:ad9866_inst|dut1_pc[0]'
Slack : 4.630
TNS   : 0.000

Type  : Slow 1200mV 0C Model Minimum Pulse Width 'ad9866_clk'
Slack : 5.713
TNS   : 0.000

Type  : Slow 1200mV 0C Model Minimum Pulse Width 'spi_sck'
Slack : 31.428
TNS   : 0.000

Type  : Slow 1200mV 0C Model Minimum Pulse Width 'clk_10mhz'
Slack : 49.415
TNS   : 0.000

Type  : Slow 1200mV 0C Model Minimum Pulse Width 'spi_ce1'
Slack : 1249.102
TNS   : 0.000

Type  : Slow 1200mV 0C Model Minimum Pulse Width 'spi_ce0'
Slack : 1249.261
TNS   : 0.000

Type  : Slow 1200mV 0C Model Minimum Pulse Width 'spi_slave:spi_slave_rx2_inst|done'
Slack : 1249.384
TNS   : 0.000

Type  : Slow 1200mV 0C Model Minimum Pulse Width 'spi_slave:spi_slave_rx_inst|done'
Slack : 1249.387
TNS   : 0.000

Type  : Slow 1200mV 0C Model Minimum Pulse Width 'PLL_IAMBIC_inst|altpll_component|auto_generated|pll1|clk[0]'
Slack : 2603.435
TNS   : 0.000

Type  : Slow 1200mV 0C Model Minimum Pulse Width 'PLL_IAMBIC_inst|altpll_component|auto_generated|pll1|clk[1]'
Slack : 16665.935
TNS   : 0.000

Type  : Fast 1200mV 0C Model Setup 'spi_sck'
Slack : 0.444
TNS   : 0.000

Type  : Fast 1200mV 0C Model Setup 'ad9866_clk'
Slack : 1.313
TNS   : 0.000

Type  : Fast 1200mV 0C Model Setup 'spi_ce0'
Slack : 1.791
TNS   : 0.000

Type  : Fast 1200mV 0C Model Setup 'spi_slave:spi_slave_rx2_inst|done'
Slack : 2.560
TNS   : 0.000

Type  : Fast 1200mV 0C Model Setup 'spi_slave:spi_slave_rx_inst|done'
Slack : 2.696
TNS   : 0.000

Type  : Fast 1200mV 0C Model Setup 'ad9866:ad9866_inst|dut1_pc[0]'
Slack : 3.341
TNS   : 0.000

Type  : Fast 1200mV 0C Model Setup 'virt_ad9866_rxclk'
Slack : 5.876
TNS   : 0.000

Type  : Fast 1200mV 0C Model Setup 'clk_10mhz'
Slack : 95.869
TNS   : 0.000

Type  : Fast 1200mV 0C Model Setup 'spi_ce1'
Slack : 2498.209
TNS   : 0.000

Type  : Fast 1200mV 0C Model Setup 'PLL_IAMBIC_inst|altpll_component|auto_generated|pll1|clk[0]'
Slack : 2602.204
TNS   : 0.000

Type  : Fast 1200mV 0C Model Setup 'PLL_IAMBIC_inst|altpll_component|auto_generated|pll1|clk[1]'
Slack : 33329.650
TNS   : 0.000

Type  : Fast 1200mV 0C Model Hold 'spi_ce0'
Slack : 0.128
TNS   : 0.000

Type  : Fast 1200mV 0C Model Hold 'ad9866_clk'
Slack : 0.140
TNS   : 0.000

Type  : Fast 1200mV 0C Model Hold 'spi_ce1'
Slack : 0.153
TNS   : 0.000

Type  : Fast 1200mV 0C Model Hold 'spi_slave:spi_slave_rx_inst|done'
Slack : 0.157
TNS   : 0.000

Type  : Fast 1200mV 0C Model Hold 'spi_sck'
Slack : 0.168
TNS   : 0.000

Type  : Fast 1200mV 0C Model Hold 'PLL_IAMBIC_inst|altpll_component|auto_generated|pll1|clk[0]'
Slack : 0.185
TNS   : 0.000

Type  : Fast 1200mV 0C Model Hold 'PLL_IAMBIC_inst|altpll_component|auto_generated|pll1|clk[1]'
Slack : 0.187
TNS   : 0.000

Type  : Fast 1200mV 0C Model Hold 'clk_10mhz'
Slack : 0.187
TNS   : 0.000

Type  : Fast 1200mV 0C Model Hold 'ad9866:ad9866_inst|dut1_pc[0]'
Slack : 0.368
TNS   : 0.000

Type  : Fast 1200mV 0C Model Hold 'spi_slave:spi_slave_rx2_inst|done'
Slack : 0.391
TNS   : 0.000

Type  : Fast 1200mV 0C Model Hold 'virt_ad9866_rxclk'
Slack : 11.159
TNS   : 0.000

Type  : Fast 1200mV 0C Model Minimum Pulse Width 'ad9866_rxclk'
Slack : 2.563
TNS   : 0.000

Type  : Fast 1200mV 0C Model Minimum Pulse Width 'ad9866_txclk'
Slack : 2.563
TNS   : 0.000

Type  : Fast 1200mV 0C Model Minimum Pulse Width 'ad9866:ad9866_inst|dut1_pc[0]'
Slack : 4.892
TNS   : 0.000

Type  : Fast 1200mV 0C Model Minimum Pulse Width 'ad9866_clk'
Slack : 5.465
TNS   : 0.000

Type  : Fast 1200mV 0C Model Minimum Pulse Width 'spi_sck'
Slack : 31.015
TNS   : 0.000

Type  : Fast 1200mV 0C Model Minimum Pulse Width 'clk_10mhz'
Slack : 49.190
TNS   : 0.000

Type  : Fast 1200mV 0C Model Minimum Pulse Width 'spi_ce1'
Slack : 1248.891
TNS   : 0.000

Type  : Fast 1200mV 0C Model Minimum Pulse Width 'spi_ce0'
Slack : 1248.946
TNS   : 0.000

Type  : Fast 1200mV 0C Model Minimum Pulse Width 'spi_slave:spi_slave_rx_inst|done'
Slack : 1249.595
TNS   : 0.000

Type  : Fast 1200mV 0C Model Minimum Pulse Width 'spi_slave:spi_slave_rx2_inst|done'
Slack : 1249.686
TNS   : 0.000

Type  : Fast 1200mV 0C Model Minimum Pulse Width 'PLL_IAMBIC_inst|altpll_component|auto_generated|pll1|clk[0]'
Slack : 2603.671
TNS   : 0.000

Type  : Fast 1200mV 0C Model Minimum Pulse Width 'PLL_IAMBIC_inst|altpll_component|auto_generated|pll1|clk[1]'
Slack : 16666.212
TNS   : 0.000

------------------------------------------------------------
