------------------------------------------------------------
TimeQuest Timing Analyzer Summary
------------------------------------------------------------

Type  : Slow 1200mV 85C Model Setup 'spi_sck'
Slack : 0.391
TNS   : 0.000

Type  : Slow 1200mV 85C Model Setup 'spi_slave:spi_slave_rx2_inst|done'
Slack : 0.612
TNS   : 0.000

Type  : Slow 1200mV 85C Model Setup 'spi_slave:spi_slave_rx_inst|done'
Slack : 0.851
TNS   : 0.000

Type  : Slow 1200mV 85C Model Setup 'ad9866:ad9866_inst|dut1_pc[0]'
Slack : 1.443
TNS   : 0.000

Type  : Slow 1200mV 85C Model Setup 'ad9866_clk'
Slack : 2.627
TNS   : 0.000

Type  : Slow 1200mV 85C Model Setup 'virt_ad9866_txclk'
Slack : 3.249
TNS   : 0.000

Type  : Slow 1200mV 85C Model Setup 'clk_10mhz'
Slack : 92.599
TNS   : 0.000

Type  : Slow 1200mV 85C Model Setup 'spi_ce0'
Slack : 2494.946
TNS   : 0.000

Type  : Slow 1200mV 85C Model Setup 'spi_ce1'
Slack : 2495.263
TNS   : 0.000

Type  : Slow 1200mV 85C Model Setup 'PLL_IAMBIC_inst|altpll_component|auto_generated|pll1|clk[0]'
Slack : 2599.393
TNS   : 0.000

Type  : Slow 1200mV 85C Model Setup 'PLL_IAMBIC_inst|altpll_component|auto_generated|pll1|clk[1]'
Slack : 33323.624
TNS   : 0.000

Type  : Slow 1200mV 85C Model Hold 'spi_ce1'
Slack : 0.310
TNS   : 0.000

Type  : Slow 1200mV 85C Model Hold 'clk_10mhz'
Slack : 0.454
TNS   : 0.000

Type  : Slow 1200mV 85C Model Hold 'PLL_IAMBIC_inst|altpll_component|auto_generated|pll1|clk[0]'
Slack : 0.455
TNS   : 0.000

Type  : Slow 1200mV 85C Model Hold 'PLL_IAMBIC_inst|altpll_component|auto_generated|pll1|clk[1]'
Slack : 0.455
TNS   : 0.000

Type  : Slow 1200mV 85C Model Hold 'ad9866_clk'
Slack : 0.474
TNS   : 0.000

Type  : Slow 1200mV 85C Model Hold 'spi_ce0'
Slack : 0.475
TNS   : 0.000

Type  : Slow 1200mV 85C Model Hold 'spi_sck'
Slack : 0.475
TNS   : 0.000

Type  : Slow 1200mV 85C Model Hold 'ad9866:ad9866_inst|dut1_pc[0]'
Slack : 0.764
TNS   : 0.000

Type  : Slow 1200mV 85C Model Hold 'spi_slave:spi_slave_rx_inst|done'
Slack : 1.012
TNS   : 0.000

Type  : Slow 1200mV 85C Model Hold 'spi_slave:spi_slave_rx2_inst|done'
Slack : 1.174
TNS   : 0.000

Type  : Slow 1200mV 85C Model Hold 'virt_ad9866_txclk'
Slack : 13.228
TNS   : 0.000

Type  : Slow 1200mV 85C Model Recovery 'spi_sck'
Slack : 0.212
TNS   : 0.000

Type  : Slow 1200mV 85C Model Recovery 'clk_10mhz'
Slack : 96.030
TNS   : 0.000

Type  : Slow 1200mV 85C Model Removal 'spi_sck'
Slack : 2.028
TNS   : 0.000

Type  : Slow 1200mV 85C Model Removal 'clk_10mhz'
Slack : 3.123
TNS   : 0.000

Type  : Slow 1200mV 85C Model Minimum Pulse Width 'ad9866_rxclk'
Slack : -2.666
TNS   : -2.666

Type  : Slow 1200mV 85C Model Minimum Pulse Width 'ad9866_txclk'
Slack : -2.666
TNS   : -2.666

Type  : Slow 1200mV 85C Model Minimum Pulse Width 'ad9866:ad9866_inst|dut1_pc[0]'
Slack : 4.366
TNS   : 0.000

Type  : Slow 1200mV 85C Model Minimum Pulse Width 'ad9866_clk'
Slack : 5.763
TNS   : 0.000

Type  : Slow 1200mV 85C Model Minimum Pulse Width 'spi_sck'
Slack : 31.543
TNS   : 0.000

Type  : Slow 1200mV 85C Model Minimum Pulse Width 'clk_10mhz'
Slack : 49.555
TNS   : 0.000

Type  : Slow 1200mV 85C Model Minimum Pulse Width 'spi_slave:spi_slave_rx2_inst|done'
Slack : 1249.342
TNS   : 0.000

Type  : Slow 1200mV 85C Model Minimum Pulse Width 'spi_slave:spi_slave_rx_inst|done'
Slack : 1249.368
TNS   : 0.000

Type  : Slow 1200mV 85C Model Minimum Pulse Width 'spi_ce0'
Slack : 1249.476
TNS   : 0.000

Type  : Slow 1200mV 85C Model Minimum Pulse Width 'spi_ce1'
Slack : 1249.498
TNS   : 0.000

Type  : Slow 1200mV 85C Model Minimum Pulse Width 'PLL_IAMBIC_inst|altpll_component|auto_generated|pll1|clk[0]'
Slack : 2603.371
TNS   : 0.000

Type  : Slow 1200mV 85C Model Minimum Pulse Width 'PLL_IAMBIC_inst|altpll_component|auto_generated|pll1|clk[1]'
Slack : 16665.871
TNS   : 0.000

Type  : Slow 1200mV 0C Model Setup 'spi_slave:spi_slave_rx2_inst|done'
Slack : 0.641
TNS   : 0.000

Type  : Slow 1200mV 0C Model Setup 'spi_sck'
Slack : 0.645
TNS   : 0.000

Type  : Slow 1200mV 0C Model Setup 'spi_slave:spi_slave_rx_inst|done'
Slack : 0.864
TNS   : 0.000

Type  : Slow 1200mV 0C Model Setup 'ad9866:ad9866_inst|dut1_pc[0]'
Slack : 1.588
TNS   : 0.000

Type  : Slow 1200mV 0C Model Setup 'ad9866_clk'
Slack : 2.700
TNS   : 0.000

Type  : Slow 1200mV 0C Model Setup 'virt_ad9866_txclk'
Slack : 4.841
TNS   : 0.000

Type  : Slow 1200mV 0C Model Setup 'clk_10mhz'
Slack : 92.900
TNS   : 0.000

Type  : Slow 1200mV 0C Model Setup 'spi_ce0'
Slack : 2495.333
TNS   : 0.000

Type  : Slow 1200mV 0C Model Setup 'spi_ce1'
Slack : 2495.514
TNS   : 0.000

Type  : Slow 1200mV 0C Model Setup 'PLL_IAMBIC_inst|altpll_component|auto_generated|pll1|clk[0]'
Slack : 2599.593
TNS   : 0.000

Type  : Slow 1200mV 0C Model Setup 'PLL_IAMBIC_inst|altpll_component|auto_generated|pll1|clk[1]'
Slack : 33323.995
TNS   : 0.000

Type  : Slow 1200mV 0C Model Hold 'spi_ce1'
Slack : 0.284
TNS   : 0.000

Type  : Slow 1200mV 0C Model Hold 'ad9866_clk'
Slack : 0.367
TNS   : 0.000

Type  : Slow 1200mV 0C Model Hold 'PLL_IAMBIC_inst|altpll_component|auto_generated|pll1|clk[0]'
Slack : 0.403
TNS   : 0.000

Type  : Slow 1200mV 0C Model Hold 'PLL_IAMBIC_inst|altpll_component|auto_generated|pll1|clk[1]'
Slack : 0.403
TNS   : 0.000

Type  : Slow 1200mV 0C Model Hold 'clk_10mhz'
Slack : 0.403
TNS   : 0.000

Type  : Slow 1200mV 0C Model Hold 'spi_ce0'
Slack : 0.422
TNS   : 0.000

Type  : Slow 1200mV 0C Model Hold 'spi_sck'
Slack : 0.438
TNS   : 0.000

Type  : Slow 1200mV 0C Model Hold 'ad9866:ad9866_inst|dut1_pc[0]'
Slack : 0.691
TNS   : 0.000

Type  : Slow 1200mV 0C Model Hold 'spi_slave:spi_slave_rx_inst|done'
Slack : 1.040
TNS   : 0.000

Type  : Slow 1200mV 0C Model Hold 'spi_slave:spi_slave_rx2_inst|done'
Slack : 1.233
TNS   : 0.000

Type  : Slow 1200mV 0C Model Hold 'virt_ad9866_txclk'
Slack : 12.394
TNS   : 0.000

Type  : Slow 1200mV 0C Model Recovery 'spi_sck'
Slack : 0.592
TNS   : 0.000

Type  : Slow 1200mV 0C Model Recovery 'clk_10mhz'
Slack : 96.331
TNS   : 0.000

Type  : Slow 1200mV 0C Model Removal 'spi_sck'
Slack : 1.717
TNS   : 0.000

Type  : Slow 1200mV 0C Model Removal 'clk_10mhz'
Slack : 2.760
TNS   : 0.000

Type  : Slow 1200mV 0C Model Minimum Pulse Width 'ad9866_rxclk'
Slack : -2.666
TNS   : -2.666

Type  : Slow 1200mV 0C Model Minimum Pulse Width 'ad9866_txclk'
Slack : -2.666
TNS   : -2.666

Type  : Slow 1200mV 0C Model Minimum Pulse Width 'ad9866:ad9866_inst|dut1_pc[0]'
Slack : 4.246
TNS   : 0.000

Type  : Slow 1200mV 0C Model Minimum Pulse Width 'ad9866_clk'
Slack : 5.762
TNS   : 0.000

Type  : Slow 1200mV 0C Model Minimum Pulse Width 'spi_sck'
Slack : 31.454
TNS   : 0.000

Type  : Slow 1200mV 0C Model Minimum Pulse Width 'clk_10mhz'
Slack : 49.502
TNS   : 0.000

Type  : Slow 1200mV 0C Model Minimum Pulse Width 'spi_ce0'
Slack : 1249.350
TNS   : 0.000

Type  : Slow 1200mV 0C Model Minimum Pulse Width 'spi_ce1'
Slack : 1249.364
TNS   : 0.000

Type  : Slow 1200mV 0C Model Minimum Pulse Width 'spi_slave:spi_slave_rx2_inst|done'
Slack : 1249.407
TNS   : 0.000

Type  : Slow 1200mV 0C Model Minimum Pulse Width 'spi_slave:spi_slave_rx_inst|done'
Slack : 1249.434
TNS   : 0.000

Type  : Slow 1200mV 0C Model Minimum Pulse Width 'PLL_IAMBIC_inst|altpll_component|auto_generated|pll1|clk[0]'
Slack : 2603.436
TNS   : 0.000

Type  : Slow 1200mV 0C Model Minimum Pulse Width 'PLL_IAMBIC_inst|altpll_component|auto_generated|pll1|clk[1]'
Slack : 16665.935
TNS   : 0.000

Type  : Fast 1200mV 0C Model Setup 'spi_sck'
Slack : 0.451
TNS   : 0.000

Type  : Fast 1200mV 0C Model Setup 'ad9866_clk'
Slack : 2.177
TNS   : 0.000

Type  : Fast 1200mV 0C Model Setup 'spi_slave:spi_slave_rx2_inst|done'
Slack : 2.557
TNS   : 0.000

Type  : Fast 1200mV 0C Model Setup 'spi_slave:spi_slave_rx_inst|done'
Slack : 2.714
TNS   : 0.000

Type  : Fast 1200mV 0C Model Setup 'ad9866:ad9866_inst|dut1_pc[0]'
Slack : 3.175
TNS   : 0.000

Type  : Fast 1200mV 0C Model Setup 'virt_ad9866_txclk'
Slack : 8.792
TNS   : 0.000

Type  : Fast 1200mV 0C Model Setup 'clk_10mhz'
Slack : 96.737
TNS   : 0.000

Type  : Fast 1200mV 0C Model Setup 'spi_ce0'
Slack : 2497.782
TNS   : 0.000

Type  : Fast 1200mV 0C Model Setup 'spi_ce1'
Slack : 2497.945
TNS   : 0.000

Type  : Fast 1200mV 0C Model Setup 'PLL_IAMBIC_inst|altpll_component|auto_generated|pll1|clk[0]'
Slack : 2602.096
TNS   : 0.000

Type  : Fast 1200mV 0C Model Setup 'PLL_IAMBIC_inst|altpll_component|auto_generated|pll1|clk[1]'
Slack : 33329.002
TNS   : 0.000

Type  : Fast 1200mV 0C Model Hold 'spi_ce1'
Slack : 0.050
TNS   : 0.000

Type  : Fast 1200mV 0C Model Hold 'ad9866_clk'
Slack : 0.146
TNS   : 0.000

Type  : Fast 1200mV 0C Model Hold 'PLL_IAMBIC_inst|altpll_component|auto_generated|pll1|clk[0]'
Slack : 0.185
TNS   : 0.000

Type  : Fast 1200mV 0C Model Hold 'spi_ce0'
Slack : 0.185
TNS   : 0.000

Type  : Fast 1200mV 0C Model Hold 'spi_sck'
Slack : 0.186
TNS   : 0.000

Type  : Fast 1200mV 0C Model Hold 'PLL_IAMBIC_inst|altpll_component|auto_generated|pll1|clk[1]'
Slack : 0.187
TNS   : 0.000

Type  : Fast 1200mV 0C Model Hold 'clk_10mhz'
Slack : 0.188
TNS   : 0.000

Type  : Fast 1200mV 0C Model Hold 'spi_slave:spi_slave_rx_inst|done'
Slack : 0.239
TNS   : 0.000

Type  : Fast 1200mV 0C Model Hold 'ad9866:ad9866_inst|dut1_pc[0]'
Slack : 0.317
TNS   : 0.000

Type  : Fast 1200mV 0C Model Hold 'spi_slave:spi_slave_rx2_inst|done'
Slack : 0.319
TNS   : 0.000

Type  : Fast 1200mV 0C Model Hold 'virt_ad9866_txclk'
Slack : 9.644
TNS   : 0.000

Type  : Fast 1200mV 0C Model Recovery 'spi_sck'
Slack : 2.196
TNS   : 0.000

Type  : Fast 1200mV 0C Model Recovery 'clk_10mhz'
Slack : 98.187
TNS   : 0.000

Type  : Fast 1200mV 0C Model Removal 'spi_sck'
Slack : 0.289
TNS   : 0.000

Type  : Fast 1200mV 0C Model Removal 'clk_10mhz'
Slack : 1.358
TNS   : 0.000

Type  : Fast 1200mV 0C Model Minimum Pulse Width 'ad9866_rxclk'
Slack : 2.563
TNS   : 0.000

Type  : Fast 1200mV 0C Model Minimum Pulse Width 'ad9866_txclk'
Slack : 2.563
TNS   : 0.000

Type  : Fast 1200mV 0C Model Minimum Pulse Width 'ad9866:ad9866_inst|dut1_pc[0]'
Slack : 4.726
TNS   : 0.000

Type  : Fast 1200mV 0C Model Minimum Pulse Width 'ad9866_clk'
Slack : 5.427
TNS   : 0.000

Type  : Fast 1200mV 0C Model Minimum Pulse Width 'spi_sck'
Slack : 30.981
TNS   : 0.000

Type  : Fast 1200mV 0C Model Minimum Pulse Width 'clk_10mhz'
Slack : 49.225
TNS   : 0.000

Type  : Fast 1200mV 0C Model Minimum Pulse Width 'spi_ce0'
Slack : 1248.951
TNS   : 0.000

Type  : Fast 1200mV 0C Model Minimum Pulse Width 'spi_ce1'
Slack : 1249.053
TNS   : 0.000

Type  : Fast 1200mV 0C Model Minimum Pulse Width 'spi_slave:spi_slave_rx2_inst|done'
Slack : 1249.661
TNS   : 0.000

Type  : Fast 1200mV 0C Model Minimum Pulse Width 'spi_slave:spi_slave_rx_inst|done'
Slack : 1249.678
TNS   : 0.000

Type  : Fast 1200mV 0C Model Minimum Pulse Width 'PLL_IAMBIC_inst|altpll_component|auto_generated|pll1|clk[0]'
Slack : 2603.673
TNS   : 0.000

Type  : Fast 1200mV 0C Model Minimum Pulse Width 'PLL_IAMBIC_inst|altpll_component|auto_generated|pll1|clk[1]'
Slack : 16666.212
TNS   : 0.000

------------------------------------------------------------
