Flow report for radioberry
Sat Mar 03 13:19:57 2018
Quartus Prime Version 17.0.2 Build 602 07/19/2017 SJ Lite Edition


---------------------
; Table of Contents ;
---------------------
  1. Legal Notice
  2. Flow Summary
  3. Flow Settings
  4. Flow Non-Default Global Settings
  5. Flow Elapsed Time
  6. Flow OS Summary
  7. Flow Log
  8. Flow Messages
  9. Flow Suppressed Messages



----------------
; Legal Notice ;
----------------
Copyright (C) 2017  Intel Corporation. All rights reserved.
Your use of Intel Corporation's design tools, logic functions 
and other software and tools, and its AMPP partner logic 
functions, and any output files from any of the foregoing 
(including device programming or simulation files), and any 
associated documentation or information are expressly subject 
to the terms and conditions of the Intel Program License 
Subscription Agreement, the Intel Quartus Prime License Agreement,
the Intel MegaCore Function License Agreement, or other 
applicable license agreement, including, without limitation, 
that your use is for the sole purpose of programming logic 
devices manufactured by Intel and sold by Intel or its 
authorized distributors.  Please refer to the applicable 
agreement for further details.



+----------------------------------------------------------------------------------+
; Flow Summary                                                                     ;
+------------------------------------+---------------------------------------------+
; Flow Status                        ; Successful - Sat Mar 03 13:19:43 2018       ;
; Quartus Prime Version              ; 17.0.2 Build 602 07/19/2017 SJ Lite Edition ;
; Revision Name                      ; radioberry                                  ;
; Top-level Entity Name              ; radioberry                                  ;
; Family                             ; Cyclone 10 LP                               ;
; Device                             ; 10CL025YE144C8G                             ;
; Timing Models                      ; Final                                       ;
; Total logic elements               ; 14,441 / 24,624 ( 59 % )                    ;
;     Total combinational functions  ; 11,301 / 24,624 ( 46 % )                    ;
;     Dedicated logic registers      ; 10,913 / 24,624 ( 44 % )                    ;
; Total registers                    ; 10913                                       ;
; Total pins                         ; 48 / 77 ( 62 % )                            ;
; Total virtual pins                 ; 0                                           ;
; Total memory bits                  ; 374,912 / 608,256 ( 62 % )                  ;
; Embedded Multiplier 9-bit elements ; 94 / 132 ( 71 % )                           ;
; Total PLLs                         ; 1 / 4 ( 25 % )                              ;
+------------------------------------+---------------------------------------------+


+-----------------------------------------+
; Flow Settings                           ;
+-------------------+---------------------+
; Option            ; Setting             ;
+-------------------+---------------------+
; Start date & time ; 03/03/2018 13:13:08 ;
; Main task         ; Compilation         ;
; Revision Name     ; radioberry          ;
+-------------------+---------------------+


+-------------------------------------------------------------------------------------------------------------------------+
; Flow Non-Default Global Settings                                                                                        ;
+-------------------------------------+----------------------------------------+---------------+-------------+------------+
; Assignment Name                     ; Value                                  ; Default Value ; Entity Name ; Section Id ;
+-------------------------------------+----------------------------------------+---------------+-------------+------------+
; ALLOW_REGISTER_DUPLICATION          ; Off                                    ; On            ; --          ; --         ;
; ALLOW_REGISTER_MERGING              ; Off                                    ; On            ; --          ; --         ;
; ALLOW_REGISTER_RETIMING             ; Off                                    ; On            ; --          ; --         ;
; COMPILER_SIGNATURE_ID               ; 220295161909995.152007918809768        ; --            ; --          ; --         ;
; FITTER_EFFORT                       ; Standard Fit                           ; Auto Fit      ; --          ; --         ;
; MAX_CORE_JUNCTION_TEMP              ; 85                                     ; --            ; --          ; --         ;
; MIN_CORE_JUNCTION_TEMP              ; 0                                      ; --            ; --          ; --         ;
; MISC_FILE                           ; cyclone_ip/PLL_IAMBIC_bb.v             ; --            ; --          ; --         ;
; MISC_FILE                           ; cyclone_ip/PLL_IAMBIC.ppf              ; --            ; --          ; --         ;
; MISC_FILE                           ; Polyphase_FIR/firromI_1024_bb.v        ; --            ; --          ; --         ;
; MISC_FILE                           ; Polyphase_FIR/firram36I_1024_bb.v      ; --            ; --          ; --         ;
; MISC_FILE                           ; cyclone_ip/txFIFO_bb.v                 ; --            ; --          ; --         ;
; MISC_FILE                           ; cyclone_ip/rxFIFO_bb.v                 ; --            ; --          ; --         ;
; OPTIMIZATION_MODE                   ; High Performance Effort                ; Balanced      ; --          ; --         ;
; OUTPUT_IO_TIMING_FAR_END_VMEAS      ; Half Signal Swing                      ; --            ; --          ; --         ;
; OUTPUT_IO_TIMING_FAR_END_VMEAS      ; Half Signal Swing                      ; --            ; --          ; --         ;
; OUTPUT_IO_TIMING_NEAR_END_VMEAS     ; Half Vccio                             ; --            ; --          ; --         ;
; OUTPUT_IO_TIMING_NEAR_END_VMEAS     ; Half Vccio                             ; --            ; --          ; --         ;
; PARTITION_COLOR                     ; -- (Not supported for targeted family) ; --            ; --          ; Top        ;
; PARTITION_FITTER_PRESERVATION_LEVEL ; -- (Not supported for targeted family) ; --            ; --          ; Top        ;
; PARTITION_NETLIST_TYPE              ; -- (Not supported for targeted family) ; --            ; --          ; Top        ;
; PHYSICAL_SYNTHESIS_COMBO_LOGIC      ; On                                     ; Off           ; --          ; --         ;
; PLACEMENT_EFFORT_MULTIPLIER         ; 4.0                                    ; 1.0           ; --          ; --         ;
; POWER_BOARD_THERMAL_MODEL           ; None (CONSERVATIVE)                    ; --            ; --          ; --         ;
; POWER_PRESET_COOLING_SOLUTION       ; 23 MM HEAT SINK WITH 200 LFPM AIRFLOW  ; --            ; --          ; --         ;
; PROJECT_OUTPUT_DIRECTORY            ; output_files                           ; --            ; --          ; --         ;
; REMOVE_DUPLICATE_REGISTERS          ; Off                                    ; On            ; --          ; --         ;
; ROUTER_REGISTER_DUPLICATION         ; Off                                    ; Auto          ; --          ; --         ;
; ROUTER_TIMING_OPTIMIZATION_LEVEL    ; MAXIMUM                                ; Normal        ; --          ; --         ;
; VERILOG_INPUT_VERSION               ; SystemVerilog_2005                     ; Verilog_2001  ; --          ; --         ;
; VERILOG_SHOW_LMF_MAPPING_MESSAGES   ; Off                                    ; --            ; --          ; --         ;
+-------------------------------------+----------------------------------------+---------------+-------------+------------+


+-------------------------------------------------------------------------------------------------------------------------------+
; Flow Elapsed Time                                                                                                             ;
+---------------------------+--------------+-------------------------+---------------------+------------------------------------+
; Module Name               ; Elapsed Time ; Average Processors Used ; Peak Virtual Memory ; Total CPU Time (on all processors) ;
+---------------------------+--------------+-------------------------+---------------------+------------------------------------+
; Analysis & Synthesis      ; 00:01:11     ; 1.0                     ; 958 MB              ; 00:01:29                           ;
; Fitter                    ; 00:05:07     ; 1.1                     ; 1444 MB             ; 00:08:11                           ;
; Assembler                 ; 00:00:03     ; 1.0                     ; 655 MB              ; 00:00:03                           ;
; TimeQuest Timing Analyzer ; 00:00:13     ; 1.2                     ; 861 MB              ; 00:00:14                           ;
; Total                     ; 00:06:34     ; --                      ; --                  ; 00:09:57                           ;
+---------------------------+--------------+-------------------------+---------------------+------------------------------------+


+-----------------------------------------------------------------------------------------+
; Flow OS Summary                                                                         ;
+---------------------------+------------------+------------+------------+----------------+
; Module Name               ; Machine Hostname ; OS Name    ; OS Version ; Processor type ;
+---------------------------+------------------+------------+------------+----------------+
; Analysis & Synthesis      ; LAPTOP-E9KMQT1S  ; Windows 10 ; 10.0       ; x86_64         ;
; Fitter                    ; LAPTOP-E9KMQT1S  ; Windows 10 ; 10.0       ; x86_64         ;
; Assembler                 ; LAPTOP-E9KMQT1S  ; Windows 10 ; 10.0       ; x86_64         ;
; TimeQuest Timing Analyzer ; LAPTOP-E9KMQT1S  ; Windows 10 ; 10.0       ; x86_64         ;
+---------------------------+------------------+------------+------------+----------------+


------------
; Flow Log ;
------------
quartus_map --read_settings_files=on --write_settings_files=off radioberry -c radioberry
quartus_fit --read_settings_files=off --write_settings_files=off radioberry -c radioberry
quartus_asm --read_settings_files=off --write_settings_files=off radioberry -c radioberry
quartus_sta radioberry -c radioberry



