------------------------------------------------------------
TimeQuest Timing Analyzer Summary
------------------------------------------------------------

Type  : Slow 1200mV 85C Model Setup 'spi_ce0'
Slack : 0.149
TNS   : 0.000

Type  : Slow 1200mV 85C Model Setup 'spi_sck'
Slack : 0.272
TNS   : 0.000

Type  : Slow 1200mV 85C Model Setup 'spi_slave:spi_slave_rx2_inst|done'
Slack : 0.385
TNS   : 0.000

Type  : Slow 1200mV 85C Model Setup 'spi_slave:spi_slave_rx_inst|done'
Slack : 1.244
TNS   : 0.000

Type  : Slow 1200mV 85C Model Setup 'ad9866:ad9866_inst|dut1_pc[0]'
Slack : 1.434
TNS   : 0.000

Type  : Slow 1200mV 85C Model Setup 'ad9866_clk'
Slack : 2.724
TNS   : 0.000

Type  : Slow 1200mV 85C Model Setup 'virt_ad9866_txclk'
Slack : 3.274
TNS   : 0.000

Type  : Slow 1200mV 85C Model Setup 'clk_10mhz'
Slack : 91.126
TNS   : 0.000

Type  : Slow 1200mV 85C Model Setup 'spi_ce1'
Slack : 2495.919
TNS   : 0.000

Type  : Slow 1200mV 85C Model Setup 'PLL_IAMBIC_inst|altpll_component|auto_generated|pll1|clk[0]'
Slack : 2599.239
TNS   : 0.000

Type  : Slow 1200mV 85C Model Setup 'PLL_IAMBIC_inst|altpll_component|auto_generated|pll1|clk[1]'
Slack : 33325.010
TNS   : 0.000

Type  : Slow 1200mV 85C Model Hold 'spi_ce0'
Slack : 0.300
TNS   : 0.000

Type  : Slow 1200mV 85C Model Hold 'ad9866_clk'
Slack : 0.415
TNS   : 0.000

Type  : Slow 1200mV 85C Model Hold 'spi_ce1'
Slack : 0.415
TNS   : 0.000

Type  : Slow 1200mV 85C Model Hold 'PLL_IAMBIC_inst|altpll_component|auto_generated|pll1|clk[0]'
Slack : 0.454
TNS   : 0.000

Type  : Slow 1200mV 85C Model Hold 'PLL_IAMBIC_inst|altpll_component|auto_generated|pll1|clk[1]'
Slack : 0.454
TNS   : 0.000

Type  : Slow 1200mV 85C Model Hold 'clk_10mhz'
Slack : 0.455
TNS   : 0.000

Type  : Slow 1200mV 85C Model Hold 'spi_sck'
Slack : 0.483
TNS   : 0.000

Type  : Slow 1200mV 85C Model Hold 'ad9866:ad9866_inst|dut1_pc[0]'
Slack : 0.703
TNS   : 0.000

Type  : Slow 1200mV 85C Model Hold 'spi_slave:spi_slave_rx_inst|done'
Slack : 0.816
TNS   : 0.000

Type  : Slow 1200mV 85C Model Hold 'spi_slave:spi_slave_rx2_inst|done'
Slack : 1.305
TNS   : 0.000

Type  : Slow 1200mV 85C Model Hold 'virt_ad9866_txclk'
Slack : 13.040
TNS   : 0.000

Type  : Slow 1200mV 85C Model Recovery 'spi_sck'
Slack : 0.190
TNS   : 0.000

Type  : Slow 1200mV 85C Model Recovery 'clk_10mhz'
Slack : 95.991
TNS   : 0.000

Type  : Slow 1200mV 85C Model Removal 'spi_sck'
Slack : 2.050
TNS   : 0.000

Type  : Slow 1200mV 85C Model Removal 'clk_10mhz'
Slack : 2.787
TNS   : 0.000

Type  : Slow 1200mV 85C Model Minimum Pulse Width 'ad9866_rxclk'
Slack : -2.666
TNS   : -2.666

Type  : Slow 1200mV 85C Model Minimum Pulse Width 'ad9866_txclk'
Slack : -2.666
TNS   : -2.666

Type  : Slow 1200mV 85C Model Minimum Pulse Width 'ad9866:ad9866_inst|dut1_pc[0]'
Slack : 4.754
TNS   : 0.000

Type  : Slow 1200mV 85C Model Minimum Pulse Width 'ad9866_clk'
Slack : 5.770
TNS   : 0.000

Type  : Slow 1200mV 85C Model Minimum Pulse Width 'spi_sck'
Slack : 31.515
TNS   : 0.000

Type  : Slow 1200mV 85C Model Minimum Pulse Width 'clk_10mhz'
Slack : 49.555
TNS   : 0.000

Type  : Slow 1200mV 85C Model Minimum Pulse Width 'spi_slave:spi_slave_rx_inst|done'
Slack : 1249.355
TNS   : 0.000

Type  : Slow 1200mV 85C Model Minimum Pulse Width 'spi_slave:spi_slave_rx2_inst|done'
Slack : 1249.379
TNS   : 0.000

Type  : Slow 1200mV 85C Model Minimum Pulse Width 'spi_ce1'
Slack : 1249.440
TNS   : 0.000

Type  : Slow 1200mV 85C Model Minimum Pulse Width 'spi_ce0'
Slack : 1249.447
TNS   : 0.000

Type  : Slow 1200mV 85C Model Minimum Pulse Width 'PLL_IAMBIC_inst|altpll_component|auto_generated|pll1|clk[0]'
Slack : 2603.372
TNS   : 0.000

Type  : Slow 1200mV 85C Model Minimum Pulse Width 'PLL_IAMBIC_inst|altpll_component|auto_generated|pll1|clk[1]'
Slack : 16665.871
TNS   : 0.000

Type  : Slow 1200mV 0C Model Setup 'spi_ce0'
Slack : 0.097
TNS   : 0.000

Type  : Slow 1200mV 0C Model Setup 'spi_slave:spi_slave_rx2_inst|done'
Slack : 0.425
TNS   : 0.000

Type  : Slow 1200mV 0C Model Setup 'spi_sck'
Slack : 0.523
TNS   : 0.000

Type  : Slow 1200mV 0C Model Setup 'spi_slave:spi_slave_rx_inst|done'
Slack : 1.313
TNS   : 0.000

Type  : Slow 1200mV 0C Model Setup 'ad9866:ad9866_inst|dut1_pc[0]'
Slack : 1.768
TNS   : 0.000

Type  : Slow 1200mV 0C Model Setup 'ad9866_clk'
Slack : 2.779
TNS   : 0.000

Type  : Slow 1200mV 0C Model Setup 'virt_ad9866_txclk'
Slack : 4.666
TNS   : 0.000

Type  : Slow 1200mV 0C Model Setup 'clk_10mhz'
Slack : 91.631
TNS   : 0.000

Type  : Slow 1200mV 0C Model Setup 'spi_ce1'
Slack : 2496.184
TNS   : 0.000

Type  : Slow 1200mV 0C Model Setup 'PLL_IAMBIC_inst|altpll_component|auto_generated|pll1|clk[0]'
Slack : 2599.490
TNS   : 0.000

Type  : Slow 1200mV 0C Model Setup 'PLL_IAMBIC_inst|altpll_component|auto_generated|pll1|clk[1]'
Slack : 33325.385
TNS   : 0.000

Type  : Slow 1200mV 0C Model Hold 'spi_ce0'
Slack : 0.267
TNS   : 0.000

Type  : Slow 1200mV 0C Model Hold 'ad9866_clk'
Slack : 0.345
TNS   : 0.000

Type  : Slow 1200mV 0C Model Hold 'spi_ce1'
Slack : 0.379
TNS   : 0.000

Type  : Slow 1200mV 0C Model Hold 'PLL_IAMBIC_inst|altpll_component|auto_generated|pll1|clk[0]'
Slack : 0.403
TNS   : 0.000

Type  : Slow 1200mV 0C Model Hold 'PLL_IAMBIC_inst|altpll_component|auto_generated|pll1|clk[1]'
Slack : 0.403
TNS   : 0.000

Type  : Slow 1200mV 0C Model Hold 'clk_10mhz'
Slack : 0.403
TNS   : 0.000

Type  : Slow 1200mV 0C Model Hold 'spi_sck'
Slack : 0.447
TNS   : 0.000

Type  : Slow 1200mV 0C Model Hold 'ad9866:ad9866_inst|dut1_pc[0]'
Slack : 0.652
TNS   : 0.000

Type  : Slow 1200mV 0C Model Hold 'spi_slave:spi_slave_rx_inst|done'
Slack : 0.817
TNS   : 0.000

Type  : Slow 1200mV 0C Model Hold 'spi_slave:spi_slave_rx2_inst|done'
Slack : 1.284
TNS   : 0.000

Type  : Slow 1200mV 0C Model Hold 'virt_ad9866_txclk'
Slack : 12.216
TNS   : 0.000

Type  : Slow 1200mV 0C Model Recovery 'spi_sck'
Slack : 0.525
TNS   : 0.000

Type  : Slow 1200mV 0C Model Recovery 'clk_10mhz'
Slack : 96.335
TNS   : 0.000

Type  : Slow 1200mV 0C Model Removal 'spi_sck'
Slack : 1.743
TNS   : 0.000

Type  : Slow 1200mV 0C Model Removal 'clk_10mhz'
Slack : 2.464
TNS   : 0.000

Type  : Slow 1200mV 0C Model Minimum Pulse Width 'ad9866_rxclk'
Slack : -2.666
TNS   : -2.666

Type  : Slow 1200mV 0C Model Minimum Pulse Width 'ad9866_txclk'
Slack : -2.666
TNS   : -2.666

Type  : Slow 1200mV 0C Model Minimum Pulse Width 'ad9866:ad9866_inst|dut1_pc[0]'
Slack : 4.775
TNS   : 0.000

Type  : Slow 1200mV 0C Model Minimum Pulse Width 'ad9866_clk'
Slack : 5.674
TNS   : 0.000

Type  : Slow 1200mV 0C Model Minimum Pulse Width 'spi_sck'
Slack : 31.351
TNS   : 0.000

Type  : Slow 1200mV 0C Model Minimum Pulse Width 'clk_10mhz'
Slack : 49.512
TNS   : 0.000

Type  : Slow 1200mV 0C Model Minimum Pulse Width 'spi_ce1'
Slack : 1249.298
TNS   : 0.000

Type  : Slow 1200mV 0C Model Minimum Pulse Width 'spi_slave:spi_slave_rx_inst|done'
Slack : 1249.334
TNS   : 0.000

Type  : Slow 1200mV 0C Model Minimum Pulse Width 'spi_ce0'
Slack : 1249.376
TNS   : 0.000

Type  : Slow 1200mV 0C Model Minimum Pulse Width 'spi_slave:spi_slave_rx2_inst|done'
Slack : 1249.449
TNS   : 0.000

Type  : Slow 1200mV 0C Model Minimum Pulse Width 'PLL_IAMBIC_inst|altpll_component|auto_generated|pll1|clk[0]'
Slack : 2603.435
TNS   : 0.000

Type  : Slow 1200mV 0C Model Minimum Pulse Width 'PLL_IAMBIC_inst|altpll_component|auto_generated|pll1|clk[1]'
Slack : 16665.935
TNS   : 0.000

Type  : Fast 1200mV 0C Model Setup 'spi_sck'
Slack : 0.595
TNS   : 0.000

Type  : Fast 1200mV 0C Model Setup 'spi_ce0'
Slack : 1.693
TNS   : 0.000

Type  : Fast 1200mV 0C Model Setup 'ad9866_clk'
Slack : 2.264
TNS   : 0.000

Type  : Fast 1200mV 0C Model Setup 'spi_slave:spi_slave_rx2_inst|done'
Slack : 2.450
TNS   : 0.000

Type  : Fast 1200mV 0C Model Setup 'spi_slave:spi_slave_rx_inst|done'
Slack : 2.795
TNS   : 0.000

Type  : Fast 1200mV 0C Model Setup 'ad9866:ad9866_inst|dut1_pc[0]'
Slack : 3.296
TNS   : 0.000

Type  : Fast 1200mV 0C Model Setup 'virt_ad9866_txclk'
Slack : 8.790
TNS   : 0.000

Type  : Fast 1200mV 0C Model Setup 'clk_10mhz'
Slack : 96.043
TNS   : 0.000

Type  : Fast 1200mV 0C Model Setup 'spi_ce1'
Slack : 2498.305
TNS   : 0.000

Type  : Fast 1200mV 0C Model Setup 'PLL_IAMBIC_inst|altpll_component|auto_generated|pll1|clk[0]'
Slack : 2601.993
TNS   : 0.000

Type  : Fast 1200mV 0C Model Setup 'PLL_IAMBIC_inst|altpll_component|auto_generated|pll1|clk[1]'
Slack : 33329.648
TNS   : 0.000

Type  : Fast 1200mV 0C Model Hold 'spi_ce0'
Slack : 0.049
TNS   : 0.000

Type  : Fast 1200mV 0C Model Hold 'spi_ce1'
Slack : 0.119
TNS   : 0.000

Type  : Fast 1200mV 0C Model Hold 'ad9866_clk'
Slack : 0.148
TNS   : 0.000

Type  : Fast 1200mV 0C Model Hold 'PLL_IAMBIC_inst|altpll_component|auto_generated|pll1|clk[0]'
Slack : 0.186
TNS   : 0.000

Type  : Fast 1200mV 0C Model Hold 'PLL_IAMBIC_inst|altpll_component|auto_generated|pll1|clk[1]'
Slack : 0.188
TNS   : 0.000

Type  : Fast 1200mV 0C Model Hold 'clk_10mhz'
Slack : 0.188
TNS   : 0.000

Type  : Fast 1200mV 0C Model Hold 'spi_sck'
Slack : 0.188
TNS   : 0.000

Type  : Fast 1200mV 0C Model Hold 'spi_slave:spi_slave_rx_inst|done'
Slack : 0.193
TNS   : 0.000

Type  : Fast 1200mV 0C Model Hold 'ad9866:ad9866_inst|dut1_pc[0]'
Slack : 0.361
TNS   : 0.000

Type  : Fast 1200mV 0C Model Hold 'spi_slave:spi_slave_rx2_inst|done'
Slack : 0.402
TNS   : 0.000

Type  : Fast 1200mV 0C Model Hold 'virt_ad9866_txclk'
Slack : 9.558
TNS   : 0.000

Type  : Fast 1200mV 0C Model Recovery 'spi_sck'
Slack : 2.151
TNS   : 0.000

Type  : Fast 1200mV 0C Model Recovery 'clk_10mhz'
Slack : 98.141
TNS   : 0.000

Type  : Fast 1200mV 0C Model Removal 'spi_sck'
Slack : 0.285
TNS   : 0.000

Type  : Fast 1200mV 0C Model Removal 'clk_10mhz'
Slack : 1.269
TNS   : 0.000

Type  : Fast 1200mV 0C Model Minimum Pulse Width 'ad9866_rxclk'
Slack : 2.563
TNS   : 0.000

Type  : Fast 1200mV 0C Model Minimum Pulse Width 'ad9866_txclk'
Slack : 2.563
TNS   : 0.000

Type  : Fast 1200mV 0C Model Minimum Pulse Width 'ad9866:ad9866_inst|dut1_pc[0]'
Slack : 4.893
TNS   : 0.000

Type  : Fast 1200mV 0C Model Minimum Pulse Width 'ad9866_clk'
Slack : 5.453
TNS   : 0.000

Type  : Fast 1200mV 0C Model Minimum Pulse Width 'spi_sck'
Slack : 30.966
TNS   : 0.000

Type  : Fast 1200mV 0C Model Minimum Pulse Width 'clk_10mhz'
Slack : 49.190
TNS   : 0.000

Type  : Fast 1200mV 0C Model Minimum Pulse Width 'spi_ce1'
Slack : 1249.012
TNS   : 0.000

Type  : Fast 1200mV 0C Model Minimum Pulse Width 'spi_ce0'
Slack : 1249.034
TNS   : 0.000

Type  : Fast 1200mV 0C Model Minimum Pulse Width 'spi_slave:spi_slave_rx_inst|done'
Slack : 1249.555
TNS   : 0.000

Type  : Fast 1200mV 0C Model Minimum Pulse Width 'spi_slave:spi_slave_rx2_inst|done'
Slack : 1249.686
TNS   : 0.000

Type  : Fast 1200mV 0C Model Minimum Pulse Width 'PLL_IAMBIC_inst|altpll_component|auto_generated|pll1|clk[0]'
Slack : 2603.673
TNS   : 0.000

Type  : Fast 1200mV 0C Model Minimum Pulse Width 'PLL_IAMBIC_inst|altpll_component|auto_generated|pll1|clk[1]'
Slack : 16666.211
TNS   : 0.000

------------------------------------------------------------
