------------------------------------------------------------
TimeQuest Timing Analyzer Summary
------------------------------------------------------------

Type  : Slow 1200mV 85C Model Setup 'ad9866_clk'
Slack : -13.860
TNS   : -56970.544

Type  : Slow 1200mV 85C Model Setup 'ad9866:ad9866_inst|dut1_pc[0]'
Slack : -6.914
TNS   : -63.754

Type  : Slow 1200mV 85C Model Setup 'spi_sck'
Slack : -5.165
TNS   : -404.175

Type  : Slow 1200mV 85C Model Setup 'clk_10mhz'
Slack : -5.092
TNS   : -234.236

Type  : Slow 1200mV 85C Model Setup 'spi_ce[0]'
Slack : -3.971
TNS   : -736.131

Type  : Slow 1200mV 85C Model Setup 'spi_slave:spi_slave_rx_inst|done'
Slack : -3.505
TNS   : -657.457

Type  : Slow 1200mV 85C Model Hold 'ad9866_clk'
Slack : -0.075
TNS   : -0.311

Type  : Slow 1200mV 85C Model Hold 'spi_sck'
Slack : 0.251
TNS   : 0.000

Type  : Slow 1200mV 85C Model Hold 'spi_ce[0]'
Slack : 0.438
TNS   : 0.000

Type  : Slow 1200mV 85C Model Hold 'clk_10mhz'
Slack : 0.454
TNS   : 0.000

Type  : Slow 1200mV 85C Model Hold 'ad9866:ad9866_inst|dut1_pc[0]'
Slack : 1.023
TNS   : 0.000

Type  : Slow 1200mV 85C Model Hold 'spi_slave:spi_slave_rx_inst|done'
Slack : 1.197
TNS   : 0.000

Type  : Slow 1200mV 85C Model Recovery 'spi_ce[0]'
Slack : -3.164
TNS   : -585.712

Type  : Slow 1200mV 85C Model Recovery 'clk_10mhz'
Slack : -2.409
TNS   : -67.588

Type  : Slow 1200mV 85C Model Recovery 'spi_sck'
Slack : -2.155
TNS   : -232.585

Type  : Slow 1200mV 85C Model Recovery 'ad9866_clk'
Slack : -0.891
TNS   : -232.873

Type  : Slow 1200mV 85C Model Removal 'ad9866_clk'
Slack : 0.851
TNS   : 0.000

Type  : Slow 1200mV 85C Model Removal 'spi_sck'
Slack : 1.665
TNS   : 0.000

Type  : Slow 1200mV 85C Model Removal 'clk_10mhz'
Slack : 2.232
TNS   : 0.000

Type  : Slow 1200mV 85C Model Removal 'spi_ce[0]'
Slack : 2.405
TNS   : 0.000

Type  : Slow 1200mV 85C Model Minimum Pulse Width 'ad9866_clk'
Slack : -14.686
TNS   : -32978.747

Type  : Slow 1200mV 85C Model Minimum Pulse Width 'spi_ce[0]'
Slack : -14.686
TNS   : -595.978

Type  : Slow 1200mV 85C Model Minimum Pulse Width 'spi_slave:spi_slave_rx_inst|done'
Slack : -4.000
TNS   : -822.656

Type  : Slow 1200mV 85C Model Minimum Pulse Width 'spi_sck'
Slack : -3.000
TNS   : -209.693

Type  : Slow 1200mV 85C Model Minimum Pulse Width 'clk_10mhz'
Slack : -3.000
TNS   : -127.908

Type  : Slow 1200mV 85C Model Minimum Pulse Width 'ad9866:ad9866_inst|dut1_pc[0]'
Slack : -0.016
TNS   : -0.130

Type  : Slow 1200mV 0C Model Setup 'ad9866_clk'
Slack : -12.398
TNS   : -51752.596

Type  : Slow 1200mV 0C Model Setup 'ad9866:ad9866_inst|dut1_pc[0]'
Slack : -6.697
TNS   : -61.369

Type  : Slow 1200mV 0C Model Setup 'clk_10mhz'
Slack : -4.799
TNS   : -214.546

Type  : Slow 1200mV 0C Model Setup 'spi_sck'
Slack : -4.735
TNS   : -369.719

Type  : Slow 1200mV 0C Model Setup 'spi_ce[0]'
Slack : -3.628
TNS   : -682.259

Type  : Slow 1200mV 0C Model Setup 'spi_slave:spi_slave_rx_inst|done'
Slack : -3.399
TNS   : -635.902

Type  : Slow 1200mV 0C Model Hold 'ad9866_clk'
Slack : -0.202
TNS   : -1.540

Type  : Slow 1200mV 0C Model Hold 'spi_sck'
Slack : 0.260
TNS   : 0.000

Type  : Slow 1200mV 0C Model Hold 'clk_10mhz'
Slack : 0.402
TNS   : 0.000

Type  : Slow 1200mV 0C Model Hold 'spi_ce[0]'
Slack : 0.411
TNS   : 0.000

Type  : Slow 1200mV 0C Model Hold 'ad9866:ad9866_inst|dut1_pc[0]'
Slack : 0.903
TNS   : 0.000

Type  : Slow 1200mV 0C Model Hold 'spi_slave:spi_slave_rx_inst|done'
Slack : 1.179
TNS   : 0.000

Type  : Slow 1200mV 0C Model Recovery 'spi_ce[0]'
Slack : -2.795
TNS   : -518.240

Type  : Slow 1200mV 0C Model Recovery 'clk_10mhz'
Slack : -2.080
TNS   : -58.264

Type  : Slow 1200mV 0C Model Recovery 'spi_sck'
Slack : -1.893
TNS   : -185.564

Type  : Slow 1200mV 0C Model Recovery 'ad9866_clk'
Slack : -0.547
TNS   : -128.971

Type  : Slow 1200mV 0C Model Removal 'ad9866_clk'
Slack : 0.574
TNS   : 0.000

Type  : Slow 1200mV 0C Model Removal 'spi_sck'
Slack : 1.317
TNS   : 0.000

Type  : Slow 1200mV 0C Model Removal 'clk_10mhz'
Slack : 1.994
TNS   : 0.000

Type  : Slow 1200mV 0C Model Removal 'spi_ce[0]'
Slack : 2.211
TNS   : 0.000

Type  : Slow 1200mV 0C Model Minimum Pulse Width 'ad9866_clk'
Slack : -14.686
TNS   : -32945.145

Type  : Slow 1200mV 0C Model Minimum Pulse Width 'spi_ce[0]'
Slack : -14.686
TNS   : -596.416

Type  : Slow 1200mV 0C Model Minimum Pulse Width 'spi_slave:spi_slave_rx_inst|done'
Slack : -4.000
TNS   : -831.606

Type  : Slow 1200mV 0C Model Minimum Pulse Width 'spi_sck'
Slack : -3.000
TNS   : -209.693

Type  : Slow 1200mV 0C Model Minimum Pulse Width 'clk_10mhz'
Slack : -3.000
TNS   : -128.065

Type  : Slow 1200mV 0C Model Minimum Pulse Width 'ad9866:ad9866_inst|dut1_pc[0]'
Slack : -0.074
TNS   : -1.083

Type  : Fast 1200mV 0C Model Setup 'ad9866_clk'
Slack : -6.057
TNS   : -15618.344

Type  : Fast 1200mV 0C Model Setup 'ad9866:ad9866_inst|dut1_pc[0]'
Slack : -2.591
TNS   : -23.078

Type  : Fast 1200mV 0C Model Setup 'spi_sck'
Slack : -1.687
TNS   : -123.490

Type  : Fast 1200mV 0C Model Setup 'clk_10mhz'
Slack : -1.666
TNS   : -58.420

Type  : Fast 1200mV 0C Model Setup 'spi_slave:spi_slave_rx_inst|done'
Slack : -1.232
TNS   : -215.658

Type  : Fast 1200mV 0C Model Setup 'spi_ce[0]'
Slack : -1.031
TNS   : -156.575

Type  : Fast 1200mV 0C Model Hold 'ad9866_clk'
Slack : 0.015
TNS   : 0.000

Type  : Fast 1200mV 0C Model Hold 'clk_10mhz'
Slack : 0.047
TNS   : 0.000

Type  : Fast 1200mV 0C Model Hold 'spi_sck'
Slack : 0.060
TNS   : 0.000

Type  : Fast 1200mV 0C Model Hold 'spi_ce[0]'
Slack : 0.127
TNS   : 0.000

Type  : Fast 1200mV 0C Model Hold 'ad9866:ad9866_inst|dut1_pc[0]'
Slack : 0.272
TNS   : 0.000

Type  : Fast 1200mV 0C Model Hold 'spi_slave:spi_slave_rx_inst|done'
Slack : 0.319
TNS   : 0.000

Type  : Fast 1200mV 0C Model Recovery 'spi_ce[0]'
Slack : -0.659
TNS   : -97.562

Type  : Fast 1200mV 0C Model Recovery 'clk_10mhz'
Slack : -0.616
TNS   : -16.593

Type  : Fast 1200mV 0C Model Recovery 'spi_sck'
Slack : -0.358
TNS   : -31.024

Type  : Fast 1200mV 0C Model Recovery 'ad9866_clk'
Slack : -0.006
TNS   : -0.174

Type  : Fast 1200mV 0C Model Removal 'ad9866_clk'
Slack : 0.435
TNS   : 0.000

Type  : Fast 1200mV 0C Model Removal 'spi_sck'
Slack : 0.624
TNS   : 0.000

Type  : Fast 1200mV 0C Model Removal 'spi_ce[0]'
Slack : 0.768
TNS   : 0.000

Type  : Fast 1200mV 0C Model Removal 'clk_10mhz'
Slack : 0.955
TNS   : 0.000

Type  : Fast 1200mV 0C Model Minimum Pulse Width 'ad9866_clk'
Slack : -9.457
TNS   : -29503.241

Type  : Fast 1200mV 0C Model Minimum Pulse Width 'spi_ce[0]'
Slack : -9.457
TNS   : -335.020

Type  : Fast 1200mV 0C Model Minimum Pulse Width 'spi_sck'
Slack : -3.000
TNS   : -246.025

Type  : Fast 1200mV 0C Model Minimum Pulse Width 'clk_10mhz'
Slack : -3.000
TNS   : -114.827

Type  : Fast 1200mV 0C Model Minimum Pulse Width 'spi_slave:spi_slave_rx_inst|done'
Slack : -1.000
TNS   : -200.000

Type  : Fast 1200mV 0C Model Minimum Pulse Width 'ad9866:ad9866_inst|dut1_pc[0]'
Slack : 0.364
TNS   : 0.000

------------------------------------------------------------
