------------------------------------------------------------
TimeQuest Timing Analyzer Summary
------------------------------------------------------------

Type  : Slow 1200mV 85C Model Setup 'ad9866_clk'
Slack : -14.249
TNS   : -57654.232

Type  : Slow 1200mV 85C Model Setup 'ad9866:ad9866_inst|dut1_pc[0]'
Slack : -6.522
TNS   : -62.005

Type  : Slow 1200mV 85C Model Setup 'spi_sck'
Slack : -5.012
TNS   : -404.895

Type  : Slow 1200mV 85C Model Setup 'clk_10mhz'
Slack : -4.656
TNS   : -230.825

Type  : Slow 1200mV 85C Model Setup 'spi_ce[0]'
Slack : -4.246
TNS   : -804.938

Type  : Slow 1200mV 85C Model Setup 'spi_slave:spi_slave_rx_inst|done'
Slack : -3.443
TNS   : -624.072

Type  : Slow 1200mV 85C Model Hold 'ad9866_clk'
Slack : 0.105
TNS   : 0.000

Type  : Slow 1200mV 85C Model Hold 'spi_sck'
Slack : 0.211
TNS   : 0.000

Type  : Slow 1200mV 85C Model Hold 'spi_ce[0]'
Slack : 0.441
TNS   : 0.000

Type  : Slow 1200mV 85C Model Hold 'clk_10mhz'
Slack : 0.454
TNS   : 0.000

Type  : Slow 1200mV 85C Model Hold 'ad9866:ad9866_inst|dut1_pc[0]'
Slack : 0.935
TNS   : 0.000

Type  : Slow 1200mV 85C Model Hold 'spi_slave:spi_slave_rx_inst|done'
Slack : 1.041
TNS   : 0.000

Type  : Slow 1200mV 85C Model Recovery 'spi_ce[0]'
Slack : -3.568
TNS   : -686.001

Type  : Slow 1200mV 85C Model Recovery 'clk_10mhz'
Slack : -2.591
TNS   : -74.675

Type  : Slow 1200mV 85C Model Recovery 'spi_sck'
Slack : -2.568
TNS   : -305.944

Type  : Slow 1200mV 85C Model Recovery 'ad9866_clk'
Slack : -1.224
TNS   : -332.346

Type  : Slow 1200mV 85C Model Removal 'ad9866_clk'
Slack : 1.156
TNS   : 0.000

Type  : Slow 1200mV 85C Model Removal 'spi_sck'
Slack : 2.264
TNS   : 0.000

Type  : Slow 1200mV 85C Model Removal 'clk_10mhz'
Slack : 2.808
TNS   : 0.000

Type  : Slow 1200mV 85C Model Removal 'spi_ce[0]'
Slack : 2.922
TNS   : 0.000

Type  : Slow 1200mV 85C Model Minimum Pulse Width 'ad9866_clk'
Slack : -14.686
TNS   : -33001.456

Type  : Slow 1200mV 85C Model Minimum Pulse Width 'spi_ce[0]'
Slack : -14.686
TNS   : -595.978

Type  : Slow 1200mV 85C Model Minimum Pulse Width 'spi_slave:spi_slave_rx_inst|done'
Slack : -4.000
TNS   : -827.418

Type  : Slow 1200mV 85C Model Minimum Pulse Width 'spi_sck'
Slack : -3.000
TNS   : -209.693

Type  : Slow 1200mV 85C Model Minimum Pulse Width 'clk_10mhz'
Slack : -3.000
TNS   : -127.908

Type  : Slow 1200mV 85C Model Minimum Pulse Width 'ad9866:ad9866_inst|dut1_pc[0]'
Slack : 0.066
TNS   : 0.000

Type  : Slow 1200mV 0C Model Setup 'ad9866_clk'
Slack : -12.800
TNS   : -52301.191

Type  : Slow 1200mV 0C Model Setup 'ad9866:ad9866_inst|dut1_pc[0]'
Slack : -6.357
TNS   : -59.710

Type  : Slow 1200mV 0C Model Setup 'spi_sck'
Slack : -4.636
TNS   : -374.697

Type  : Slow 1200mV 0C Model Setup 'clk_10mhz'
Slack : -4.396
TNS   : -212.162

Type  : Slow 1200mV 0C Model Setup 'spi_ce[0]'
Slack : -3.943
TNS   : -745.760

Type  : Slow 1200mV 0C Model Setup 'spi_slave:spi_slave_rx_inst|done'
Slack : -3.318
TNS   : -607.064

Type  : Slow 1200mV 0C Model Hold 'ad9866_clk'
Slack : -0.053
TNS   : -0.121

Type  : Slow 1200mV 0C Model Hold 'spi_sck'
Slack : 0.218
TNS   : 0.000

Type  : Slow 1200mV 0C Model Hold 'clk_10mhz'
Slack : 0.402
TNS   : 0.000

Type  : Slow 1200mV 0C Model Hold 'spi_ce[0]'
Slack : 0.410
TNS   : 0.000

Type  : Slow 1200mV 0C Model Hold 'ad9866:ad9866_inst|dut1_pc[0]'
Slack : 1.051
TNS   : 0.000

Type  : Slow 1200mV 0C Model Hold 'spi_slave:spi_slave_rx_inst|done'
Slack : 1.150
TNS   : 0.000

Type  : Slow 1200mV 0C Model Recovery 'spi_ce[0]'
Slack : -3.194
TNS   : -614.360

Type  : Slow 1200mV 0C Model Recovery 'spi_sck'
Slack : -2.311
TNS   : -259.041

Type  : Slow 1200mV 0C Model Recovery 'clk_10mhz'
Slack : -2.284
TNS   : -65.766

Type  : Slow 1200mV 0C Model Recovery 'ad9866_clk'
Slack : -0.878
TNS   : -229.444

Type  : Slow 1200mV 0C Model Removal 'ad9866_clk'
Slack : 0.839
TNS   : 0.000

Type  : Slow 1200mV 0C Model Removal 'spi_sck'
Slack : 1.880
TNS   : 0.000

Type  : Slow 1200mV 0C Model Removal 'clk_10mhz'
Slack : 2.486
TNS   : 0.000

Type  : Slow 1200mV 0C Model Removal 'spi_ce[0]'
Slack : 2.653
TNS   : 0.000

Type  : Slow 1200mV 0C Model Minimum Pulse Width 'ad9866_clk'
Slack : -14.686
TNS   : -32940.064

Type  : Slow 1200mV 0C Model Minimum Pulse Width 'spi_ce[0]'
Slack : -14.686
TNS   : -595.978

Type  : Slow 1200mV 0C Model Minimum Pulse Width 'spi_slave:spi_slave_rx_inst|done'
Slack : -4.000
TNS   : -844.620

Type  : Slow 1200mV 0C Model Minimum Pulse Width 'spi_sck'
Slack : -3.000
TNS   : -209.693

Type  : Slow 1200mV 0C Model Minimum Pulse Width 'clk_10mhz'
Slack : -3.000
TNS   : -127.908

Type  : Slow 1200mV 0C Model Minimum Pulse Width 'ad9866:ad9866_inst|dut1_pc[0]'
Slack : 0.038
TNS   : 0.000

Type  : Fast 1200mV 0C Model Setup 'ad9866_clk'
Slack : -6.232
TNS   : -16146.959

Type  : Fast 1200mV 0C Model Setup 'ad9866:ad9866_inst|dut1_pc[0]'
Slack : -2.638
TNS   : -23.029

Type  : Fast 1200mV 0C Model Setup 'spi_sck'
Slack : -1.588
TNS   : -125.197

Type  : Fast 1200mV 0C Model Setup 'clk_10mhz'
Slack : -1.525
TNS   : -55.764

Type  : Fast 1200mV 0C Model Setup 'spi_slave:spi_slave_rx_inst|done'
Slack : -1.113
TNS   : -193.602

Type  : Fast 1200mV 0C Model Setup 'spi_ce[0]'
Slack : -1.104
TNS   : -185.695

Type  : Fast 1200mV 0C Model Hold 'spi_sck'
Slack : 0.022
TNS   : 0.000

Type  : Fast 1200mV 0C Model Hold 'ad9866_clk'
Slack : 0.124
TNS   : 0.000

Type  : Fast 1200mV 0C Model Hold 'clk_10mhz'
Slack : 0.141
TNS   : 0.000

Type  : Fast 1200mV 0C Model Hold 'spi_ce[0]'
Slack : 0.172
TNS   : 0.000

Type  : Fast 1200mV 0C Model Hold 'ad9866:ad9866_inst|dut1_pc[0]'
Slack : 0.354
TNS   : 0.000

Type  : Fast 1200mV 0C Model Hold 'spi_slave:spi_slave_rx_inst|done'
Slack : 0.369
TNS   : 0.000

Type  : Fast 1200mV 0C Model Recovery 'spi_ce[0]'
Slack : -0.843
TNS   : -140.214

Type  : Fast 1200mV 0C Model Recovery 'clk_10mhz'
Slack : -0.673
TNS   : -19.126

Type  : Fast 1200mV 0C Model Recovery 'spi_sck'
Slack : -0.594
TNS   : -62.233

Type  : Fast 1200mV 0C Model Recovery 'ad9866_clk'
Slack : -0.171
TNS   : -24.923

Type  : Fast 1200mV 0C Model Removal 'ad9866_clk'
Slack : 0.570
TNS   : 0.000

Type  : Fast 1200mV 0C Model Removal 'spi_sck'
Slack : 0.883
TNS   : 0.000

Type  : Fast 1200mV 0C Model Removal 'spi_ce[0]'
Slack : 1.009
TNS   : 0.000

Type  : Fast 1200mV 0C Model Removal 'clk_10mhz'
Slack : 1.228
TNS   : 0.000

Type  : Fast 1200mV 0C Model Minimum Pulse Width 'ad9866_clk'
Slack : -9.457
TNS   : -29433.328

Type  : Fast 1200mV 0C Model Minimum Pulse Width 'spi_ce[0]'
Slack : -9.457
TNS   : -328.609

Type  : Fast 1200mV 0C Model Minimum Pulse Width 'spi_sck'
Slack : -3.000
TNS   : -235.857

Type  : Fast 1200mV 0C Model Minimum Pulse Width 'clk_10mhz'
Slack : -3.000
TNS   : -114.992

Type  : Fast 1200mV 0C Model Minimum Pulse Width 'spi_slave:spi_slave_rx_inst|done'
Slack : -1.000
TNS   : -200.000

Type  : Fast 1200mV 0C Model Minimum Pulse Width 'ad9866:ad9866_inst|dut1_pc[0]'
Slack : 0.347
TNS   : 0.000

------------------------------------------------------------
